#
# There is insufficient memory for the Java Runtime Environment to continue.
# Native memory allocation (malloc) failed to allocate 1090160 bytes. Error detail: Chunk::new
# Possible reasons:
#   The system is out of physical RAM or swap space
#   This process is running with CompressedOops enabled, and the Java Heap may be blocking the growth of the native heap
# Possible solutions:
#   Reduce memory load on the system
#   Increase physical memory or swap space
#   Check if swap backing store is full
#   Decrease Java heap size (-Xmx/-Xms)
#   Decrease number of Java threads
#   Decrease Java thread stack sizes (-Xss)
#   Set larger code cache with -XX:ReservedCodeCacheSize=
#   JVM is running with Unscaled Compressed Oops mode in which the Java heap is
#     placed in the first 4GB address space. The Java Heap base address is the
#     maximum limit for the native heap growth. Please use -XX:HeapBaseMinAddress
#     to set the Java Heap base and to place the Java Heap above 4GB virtual address.
# This output file may be truncated or incomplete.
#
#  Out of Memory Error (arena.cpp:168), pid=19060, tid=13972
#
# JRE version: OpenJDK Runtime Environment Temurin-21.0.12.1+1 (21.0.12.1+1) (build 21.0.12.1+1-LTS)
# Java VM: OpenJDK 64-Bit Server VM Temurin-21.0.12.1+1 (21.0.12.1+1-LTS, mixed mode, sharing, tiered, compressed oops, compressed class ptrs, parallel gc, windows-amd64)
# No core dump will be written. Minidumps are not enabled by default on client versions of Windows
#

---------------  S U M M A R Y ------------

Command Line: --add-modules=ALL-SYSTEM --add-opens=java.base/java.util=ALL-UNNAMED --add-opens=java.base/java.lang=ALL-UNNAMED --add-opens=java.base/sun.nio.fs=ALL-UNNAMED -Declipse.application=org.eclipse.jdt.ls.core.id1 -Dosgi.bundles.defaultStartLevel=4 -Declipse.product=org.eclipse.jdt.ls.core.product -Djava.import.generatesMetadataFilesAtProjectRoot=false -Dm2e.project.cache.size=50 -DDetectVMInstallationsJob.disabled=true -Dfile.encoding=utf8 -XX:+UseParallelGC -XX:GCTimeRatio=4 -XX:AdaptiveSizePolicyWeight=90 -Dsun.zip.disableMemoryMapping=true -Xmx2G -Xms100m -Xlog:disable -javaagent:c:\Users\ESTUDIANTES\.vscode\extensions\redhat.java-1.56.0-win32-x64\lombok\lombok-1.18.39-4050.jar -XX:+HeapDumpOnOutOfMemoryError -XX:HeapDumpPath=c:\Users\ESTUDIANTES\AppData\Roaming\Code\User\workspaceStorage\2c21bb12404b02a4ec6412a8272d3cb1\redhat.java -Daether.dependencyCollector.impl=bf c:\Users\ESTUDIANTES\.vscode\extensions\redhat.java-1.56.0-win32-x64\server\plugins\org.eclipse.equinox.launcher_1.8.0.v20260804-1928.jar -configuration c:\Users\ESTUDIANTES\AppData\Roaming\Code\User\globalStorage\redhat.java\1.56.0\config_win -data c:\Users\ESTUDIANTES\AppData\Roaming\Code\User\workspaceStorage\2c21bb12404b02a4ec6412a8272d3cb1\redhat.java\jdt_ws --pipe=\\.\pipe\lsp-3a5a1e5b1639fc643fc0f90a18088bd8-sock

Host: 12th Gen Intel(R) Core(TM) i7-12700, 20 cores, 15G,  Windows 11 , 64 bit Build 26100 (10.0.26100.8875)
Time: Fri Sep  4 15:13:29 2026 Hora est. Pacífico, Sudamérica elapsed time: 8.665653 seconds (0d 0h 0m 8s)

---------------  T H R E A D  ---------------

Current thread (0x000001bf84757710):  JavaThread "C2 CompilerThread0" daemon [_thread_in_native, id=13972, stack(0x000000bbcc400000,0x000000bbcc500000) (1024K)]


Current CompileTask:
C2:8665 8167       4       java.lang.invoke.MethodHandleImpl::makePairwiseConvertByEditor (617 bytes)

Stack: [0x000000bbcc400000,0x000000bbcc500000]
Native frames: (J=compiled Java code, j=interpreted, Vv=VM code, C=native code)
V  [jvm.dll+0x6d83e9]
V  [jvm.dll+0x8b5736]
V  [jvm.dll+0x8b7cee]
V  [jvm.dll+0x8b83d3]
V  [jvm.dll+0x284596]
V  [jvm.dll+0xc685d]
V  [jvm.dll+0xc6da1]
V  [jvm.dll+0x3bf18b]
V  [jvm.dll+0x38b6d2]
V  [jvm.dll+0x38ab1a]
V  [jvm.dll+0x24c700]
V  [jvm.dll+0x24bce0]
V  [jvm.dll+0x1cb4ae]
V  [jvm.dll+0x25baad]
V  [jvm.dll+0x25a03a]
V  [jvm.dll+0x3f8aae]
V  [jvm.dll+0x8600cd]
V  [jvm.dll+0x6d6c1d]
C  [ucrtbase.dll+0x2cd30]
C  [KERNEL32.DLL+0x2e957]
C  [ntdll.dll+0xaad6c]


---------------  P R O C E S S  ---------------

Threads class SMR info:
_java_thread_list=0x000001bf8f6b6590, length=76, elements={
0x000001bf29354b00, 0x000001bf422293b0, 0x000001bf2b84dcd0, 0x000001bf422315c0,
0x000001bf42233030, 0x000001bf422381c0, 0x000001bf4223df90, 0x000001bf84757710,
0x000001bf8475cb10, 0x000001bf848a8b00, 0x000001bf848a91b0, 0x000001bf849a5710,
0x000001bf866a3f60, 0x000001bf8b5b90e0, 0x000001bf8b3c8fc0, 0x000001bf8b35a140,
0x000001bf8b36f2c0, 0x000001bf8b6fe8f0, 0x000001bf8bb8bb70, 0x000001bf8b707240,
0x000001bf8b4f39a0, 0x000001bf8b6830d0, 0x000001bf8b10f640, 0x000001bf8b110360,
0x000001bf8b10cee0, 0x000001bf8b10e920, 0x000001bf8b10d570, 0x000001bf8b10efb0,
0x000001bf8b10fcd0, 0x000001bf8d381e70, 0x000001bf8d382b90, 0x000001bf8d382500,
0x000001bf8d3838b0, 0x000001bf8d384c60, 0x000001bf8d3817e0, 0x000001bf8d385980,
0x000001bf8d386010, 0x000001bf8d3866a0, 0x000001bf8d383f40, 0x000001bf8d3845d0,
0x000001bf8d383220, 0x000001bf8d3880e0, 0x000001bf8d386d30, 0x000001bf8d3873c0,
0x000001bf8d387a50, 0x000001bf8d388770, 0x000001bf8d3852f0, 0x000001bf8d388e00,
0x000001bf8b11c3f0, 0x000001bf8b11ca80, 0x000001bf8b6d0d30, 0x000001bf8b6cf8c0,
0x000001bf8b6cff90, 0x000001bf8b11eb50, 0x000001bf8b11e4c0, 0x000001bf8b11d7a0,
0x000001bf8b11de30, 0x000001bf8b11d110, 0x000001bf8b11b6d0, 0x000001bf8b11f1e0,
0x000001bf8b11bd60, 0x000001bf8b120c20, 0x000001bf8b120590, 0x000001bf8b1212b0,
0x000001bf8b121fd0, 0x000001bf8b122660, 0x000001bf8b122cf0, 0x000001bf8b121940,
0x000001bf8b11f870, 0x000001bf8b11ff00, 0x000001bf8e3775f0, 0x000001bf8e37aa70,
0x000001bf8e3796c0, 0x000001bf8e37b100, 0x000001bf8e37c4b0, 0x000001bf8e37be20
}

Java Threads: ( => current thread )
  0x000001bf29354b00 JavaThread "main"                              [_thread_blocked, id=13048, stack(0x000000bbcba00000,0x000000bbcbb00000) (1024K)]
  0x000001bf422293b0 JavaThread "Reference Handler"          daemon [_thread_blocked, id=18736, stack(0x000000bbcbe00000,0x000000bbcbf00000) (1024K)]
  0x000001bf2b84dcd0 JavaThread "Finalizer"                  daemon [_thread_blocked, id=17440, stack(0x000000bbcbf00000,0x000000bbcc000000) (1024K)]
  0x000001bf422315c0 JavaThread "Signal Dispatcher"          daemon [_thread_blocked, id=17496, stack(0x000000bbcc000000,0x000000bbcc100000) (1024K)]
  0x000001bf42233030 JavaThread "Attach Listener"            daemon [_thread_blocked, id=7556, stack(0x000000bbcc100000,0x000000bbcc200000) (1024K)]
  0x000001bf422381c0 JavaThread "Service Thread"             daemon [_thread_blocked, id=616, stack(0x000000bbcc200000,0x000000bbcc300000) (1024K)]
  0x000001bf4223df90 JavaThread "Monitor Deflation Thread"   daemon [_thread_blocked, id=17492, stack(0x000000bbcc300000,0x000000bbcc400000) (1024K)]
=>0x000001bf84757710 JavaThread "C2 CompilerThread0"         daemon [_thread_in_native, id=13972, stack(0x000000bbcc400000,0x000000bbcc500000) (1024K)]
  0x000001bf8475cb10 JavaThread "C1 CompilerThread0"         daemon [_thread_blocked, id=19712, stack(0x000000bbcc500000,0x000000bbcc600000) (1024K)]
  0x000001bf848a8b00 JavaThread "C1 CompilerThread1"         daemon [_thread_blocked, id=6280, stack(0x000000bbcc600000,0x000000bbcc700000) (1024K)]
  0x000001bf848a91b0 JavaThread "C1 CompilerThread2"         daemon [_thread_blocked, id=16544, stack(0x000000bbcc700000,0x000000bbcc800000) (1024K)]
  0x000001bf849a5710 JavaThread "Common-Cleaner"             daemon [_thread_blocked, id=17752, stack(0x000000bbcc900000,0x000000bbcca00000) (1024K)]
  0x000001bf866a3f60 JavaThread "Notification Thread"        daemon [_thread_blocked, id=11740, stack(0x000000bbccb00000,0x000000bbccc00000) (1024K)]
  0x000001bf8b5b90e0 JavaThread "Active Thread: Equinox Container: b477caa8-195e-4441-a424-c952b508c9ba"        [_thread_blocked, id=17472, stack(0x000000bbcd400000,0x000000bbcd500000) (1024K)]
  0x000001bf8b3c8fc0 JavaThread "Refresh Thread: Equinox Container: b477caa8-195e-4441-a424-c952b508c9ba" daemon [_thread_blocked, id=7660, stack(0x000000bbcd600000,0x000000bbcd700000) (1024K)]
  0x000001bf8b35a140 JavaThread "Framework Event Dispatcher: Equinox Container: b477caa8-195e-4441-a424-c952b508c9ba" daemon [_thread_blocked, id=17416, stack(0x000000bbcd700000,0x000000bbcd800000) (1024K)]
  0x000001bf8b36f2c0 JavaThread "Start Level: Equinox Container: b477caa8-195e-4441-a424-c952b508c9ba" daemon [_thread_blocked, id=12824, stack(0x000000bbcd800000,0x000000bbcd900000) (1024K)]
  0x000001bf8b6fe8f0 JavaThread "Bundle File Closer"         daemon [_thread_blocked, id=540, stack(0x000000bbcdc00000,0x000000bbcdd00000) (1024K)]
  0x000001bf8bb8bb70 JavaThread "SCR Component Actor"        daemon [_thread_blocked, id=5108, stack(0x000000bbcc800000,0x000000bbcc900000) (1024K)]
  0x000001bf8b707240 JavaThread "C2 CompilerThread1"         daemon [_thread_blocked, id=4172, stack(0x000000bbcca00000,0x000000bbccb00000) (1024K)]
  0x000001bf8b4f39a0 JavaThread "C2 CompilerThread2"         daemon [_thread_blocked, id=10288, stack(0x000000bbccc00000,0x000000bbccd00000) (1024K)]
  0x000001bf8b6830d0 JavaThread "Worker-JM"                         [_thread_blocked, id=17488, stack(0x000000bbcde00000,0x000000bbcdf00000) (1024K)]
  0x000001bf8b10f640 JavaThread "JNA Cleaner"                daemon [_thread_blocked, id=18456, stack(0x000000bbcd300000,0x000000bbcd400000) (1024K)]
  0x000001bf8b110360 JavaThread "Worker-0"                          [_thread_blocked, id=2848, stack(0x000000bbcdd00000,0x000000bbcde00000) (1024K)]
  0x000001bf8b10cee0 JavaThread "Worker-1: Initialize Workspace"        [_thread_blocked, id=18272, stack(0x000000bbce200000,0x000000bbce300000) (1024K)]
  0x000001bf8b10e920 JavaThread "Java indexing"              daemon [_thread_blocked, id=18080, stack(0x000000bbce500000,0x000000bbce600000) (1024K)]
  0x000001bf8b10d570 JavaThread "Worker-2"                          [_thread_blocked, id=10312, stack(0x000000bbce900000,0x000000bbcea00000) (1024K)]
  0x000001bf8b10efb0 JavaThread "Worker-3: Initialize workspace"        [_thread_blocked, id=16312, stack(0x000000bbcea00000,0x000000bbceb00000) (1024K)]
  0x000001bf8b10fcd0 JavaThread "Thread-1"                   daemon [_thread_in_native, id=17012, stack(0x000000bbceb00000,0x000000bbcec00000) (1024K)]
  0x000001bf8d381e70 JavaThread "Thread-2"                   daemon [_thread_in_native, id=14036, stack(0x000000bbcec00000,0x000000bbced00000) (1024K)]
  0x000001bf8d382b90 JavaThread "Thread-3"                   daemon [_thread_in_native, id=3848, stack(0x000000bbced00000,0x000000bbcee00000) (1024K)]
  0x000001bf8d382500 JavaThread "Thread-4"                   daemon [_thread_in_native, id=20064, stack(0x000000bbcee00000,0x000000bbcef00000) (1024K)]
  0x000001bf8d3838b0 JavaThread "Thread-5"                   daemon [_thread_in_native, id=20620, stack(0x000000bbcef00000,0x000000bbcf000000) (1024K)]
  0x000001bf8d384c60 JavaThread "Thread-6"                   daemon [_thread_in_native, id=16176, stack(0x000000bbcf000000,0x000000bbcf100000) (1024K)]
  0x000001bf8d3817e0 JavaThread "Thread-7"                   daemon [_thread_in_native, id=18308, stack(0x000000bbcf100000,0x000000bbcf200000) (1024K)]
  0x000001bf8d385980 JavaThread "Thread-8"                   daemon [_thread_in_native, id=12944, stack(0x000000bbcf200000,0x000000bbcf300000) (1024K)]
  0x000001bf8d386010 JavaThread "Thread-9"                   daemon [_thread_in_native, id=5712, stack(0x000000bbcf300000,0x000000bbcf400000) (1024K)]
  0x000001bf8d3866a0 JavaThread "Thread-10"                  daemon [_thread_in_native, id=5228, stack(0x000000bbcf400000,0x000000bbcf500000) (1024K)]
  0x000001bf8d383f40 JavaThread "Thread-11"                  daemon [_thread_in_native, id=11908, stack(0x000000bbcf500000,0x000000bbcf600000) (1024K)]
  0x000001bf8d3845d0 JavaThread "Thread-12"                  daemon [_thread_in_native, id=756, stack(0x000000bbcf600000,0x000000bbcf700000) (1024K)]
  0x000001bf8d383220 JavaThread "Thread-13"                  daemon [_thread_in_native, id=16448, stack(0x000000bbcf700000,0x000000bbcf800000) (1024K)]
  0x000001bf8d3880e0 JavaThread "Thread-14"                  daemon [_thread_in_native, id=2444, stack(0x000000bbcf800000,0x000000bbcf900000) (1024K)]
  0x000001bf8d386d30 JavaThread "Thread-15"                  daemon [_thread_in_native, id=16308, stack(0x000000bbcf900000,0x000000bbcfa00000) (1024K)]
  0x000001bf8d3873c0 JavaThread "Thread-16"                  daemon [_thread_in_native, id=5904, stack(0x000000bbcfa00000,0x000000bbcfb00000) (1024K)]
  0x000001bf8d387a50 JavaThread "Thread-17"                  daemon [_thread_in_native, id=5040, stack(0x000000bbcfb00000,0x000000bbcfc00000) (1024K)]
  0x000001bf8d388770 JavaThread "Thread-18"                  daemon [_thread_in_native, id=21508, stack(0x000000bbcfc00000,0x000000bbcfd00000) (1024K)]
  0x000001bf8d3852f0 JavaThread "Thread-19"                  daemon [_thread_in_native, id=21512, stack(0x000000bbcfd00000,0x000000bbcfe00000) (1024K)]
  0x000001bf8d388e00 JavaThread "Thread-20"                  daemon [_thread_in_native, id=21516, stack(0x000000bbcfe00000,0x000000bbcff00000) (1024K)]
  0x000001bf8b11c3f0 JavaThread "Thread-21"                  daemon [_thread_in_native, id=21520, stack(0x000000bbcff00000,0x000000bbd0000000) (1024K)]
  0x000001bf8b11ca80 JavaThread "pool-2-thread-1"                   [_thread_blocked, id=21524, stack(0x000000bbd0000000,0x000000bbd0100000) (1024K)]
  0x000001bf8b6d0d30 JavaThread "C2 CompilerThread3"         daemon [_thread_blocked, id=21528, stack(0x000000bbd0100000,0x000000bbd0200000) (1024K)]
  0x000001bf8b6cf8c0 JavaThread "C2 CompilerThread4"         daemon [_thread_in_native, id=21532, stack(0x000000bbd0200000,0x000000bbd0300000) (1024K)]
  0x000001bf8b6cff90 JavaThread "C2 CompilerThread5"         daemon [_thread_in_native, id=21536, stack(0x000000bbd0300000,0x000000bbd0400000) (1024K)]
  0x000001bf8b11eb50 JavaThread "WorkspaceEventsHandler"            [_thread_blocked, id=21548, stack(0x000000bbd0600000,0x000000bbd0700000) (1024K)]
  0x000001bf8b11e4c0 JavaThread "pool-1-thread-1"                   [_thread_in_vm, id=21552, stack(0x000000bbd0700000,0x000000bbd0800000) (1024K)]
  0x000001bf8b11d7a0 JavaThread "PatternSearchJob-worker-1"  daemon [_thread_blocked, id=21556, stack(0x000000bbd0800000,0x000000bbd0900000) (1024K)]
  0x000001bf8b11de30 JavaThread "PatternSearchJob-worker-2"  daemon [_thread_blocked, id=21560, stack(0x000000bbd0900000,0x000000bbd0a00000) (1024K)]
  0x000001bf8b11d110 JavaThread "PatternSearchJob-worker-3"  daemon [_thread_blocked, id=21564, stack(0x000000bbd0a00000,0x000000bbd0b00000) (1024K)]
  0x000001bf8b11b6d0 JavaThread "PatternSearchJob-worker-4"  daemon [_thread_blocked, id=21568, stack(0x000000bbd0b00000,0x000000bbd0c00000) (1024K)]
  0x000001bf8b11f1e0 JavaThread "PatternSearchJob-worker-5"  daemon [_thread_blocked, id=21572, stack(0x000000bbd0c00000,0x000000bbd0d00000) (1024K)]
  0x000001bf8b11bd60 JavaThread "PatternSearchJob-worker-6"  daemon [_thread_blocked, id=21576, stack(0x000000bbd0d00000,0x000000bbd0e00000) (1024K)]
  0x000001bf8b120c20 JavaThread "PatternSearchJob-worker-7"  daemon [_thread_blocked, id=21580, stack(0x000000bbd0e00000,0x000000bbd0f00000) (1024K)]
  0x000001bf8b120590 JavaThread "PatternSearchJob-worker-8"  daemon [_thread_blocked, id=21584, stack(0x000000bbd0f00000,0x000000bbd1000000) (1024K)]
  0x000001bf8b1212b0 JavaThread "PatternSearchJob-worker-9"  daemon [_thread_blocked, id=21588, stack(0x000000bbd1000000,0x000000bbd1100000) (1024K)]
  0x000001bf8b121fd0 JavaThread "PatternSearchJob-worker-10" daemon [_thread_blocked, id=21592, stack(0x000000bbd1100000,0x000000bbd1200000) (1024K)]
  0x000001bf8b122660 JavaThread "PatternSearchJob-worker-11" daemon [_thread_blocked, id=21596, stack(0x000000bbd1200000,0x000000bbd1300000) (1024K)]
  0x000001bf8b122cf0 JavaThread "PatternSearchJob-worker-12" daemon [_thread_blocked, id=21600, stack(0x000000bbd1300000,0x000000bbd1400000) (1024K)]
  0x000001bf8b121940 JavaThread "PatternSearchJob-worker-13" daemon [_thread_blocked, id=21604, stack(0x000000bbd1400000,0x000000bbd1500000) (1024K)]
  0x000001bf8b11f870 JavaThread "PatternSearchJob-worker-14" daemon [_thread_blocked, id=21608, stack(0x000000bbd1500000,0x000000bbd1600000) (1024K)]
  0x000001bf8b11ff00 JavaThread "PatternSearchJob-worker-15" daemon [_thread_blocked, id=21612, stack(0x000000bbd1600000,0x000000bbd1700000) (1024K)]
  0x000001bf8e3775f0 JavaThread "PatternSearchJob-worker-16" daemon [_thread_blocked, id=21616, stack(0x000000bbd1700000,0x000000bbd1800000) (1024K)]
  0x000001bf8e37aa70 JavaThread "PatternSearchJob-worker-17" daemon [_thread_blocked, id=21620, stack(0x000000bbd1800000,0x000000bbd1900000) (1024K)]
  0x000001bf8e3796c0 JavaThread "PatternSearchJob-worker-18" daemon [_thread_blocked, id=21624, stack(0x000000bbd1900000,0x000000bbd1a00000) (1024K)]
  0x000001bf8e37b100 JavaThread "PatternSearchJob-worker-19" daemon [_thread_blocked, id=21628, stack(0x000000bbd1a00000,0x000000bbd1b00000) (1024K)]
  0x000001bf8e37c4b0 JavaThread "ForkJoinPool.commonPool-worker-1" daemon [_thread_blocked, id=21660, stack(0x000000bbd1b00000,0x000000bbd1c00000) (1024K)]
  0x000001bf8e37be20 JavaThread "ForkJoinPool.commonPool-worker-2" daemon [_thread_blocked, id=21664, stack(0x000000bbd1c00000,0x000000bbd1d00000) (1024K)]
Total: 76

Other Threads:
  0x000001bf2b83ab40 VMThread "VM Thread"                           [id=12656, stack(0x000000bbcbd00000,0x000000bbcbe00000) (1024K)]
  0x000001bf4211ca00 WatcherThread "VM Periodic Task Thread"        [id=18000, stack(0x000000bbcbc00000,0x000000bbcbd00000) (1024K)]
  0x000001bf2b7b7050 WorkerThread "GC Thread#0"                     [id=21100, stack(0x000000bbcbb00000,0x000000bbcbc00000) (1024K)]
  0x000001bf86c31df0 WorkerThread "GC Thread#1"                     [id=18064, stack(0x000000bbccd00000,0x000000bbcce00000) (1024K)]
  0x000001bf869b5910 WorkerThread "GC Thread#2"                     [id=17680, stack(0x000000bbcce00000,0x000000bbccf00000) (1024K)]
  0x000001bf869b5cc0 WorkerThread "GC Thread#3"                     [id=16476, stack(0x000000bbccf00000,0x000000bbcd000000) (1024K)]
  0x000001bf86dced20 WorkerThread "GC Thread#4"                     [id=7268, stack(0x000000bbcd000000,0x000000bbcd100000) (1024K)]
  0x000001bf86dcf0d0 WorkerThread "GC Thread#5"                     [id=18916, stack(0x000000bbcd100000,0x000000bbcd200000) (1024K)]
  0x000001bf86dcf480 WorkerThread "GC Thread#6"                     [id=9884, stack(0x000000bbcd200000,0x000000bbcd300000) (1024K)]
  0x000001bf8b443850 WorkerThread "GC Thread#7"                     [id=17928, stack(0x000000bbcd500000,0x000000bbcd600000) (1024K)]
  0x000001bf8b27b930 WorkerThread "GC Thread#8"                     [id=18296, stack(0x000000bbcd900000,0x000000bbcda00000) (1024K)]
  0x000001bf8b27bce0 WorkerThread "GC Thread#9"                     [id=16048, stack(0x000000bbcda00000,0x000000bbcdb00000) (1024K)]
  0x000001bf8b5f1900 WorkerThread "GC Thread#10"                    [id=6364, stack(0x000000bbcdb00000,0x000000bbcdc00000) (1024K)]
  0x000001bf8b76d600 WorkerThread "GC Thread#11"                    [id=17120, stack(0x000000bbcdf00000,0x000000bbce000000) (1024K)]
  0x000001bf8b76e4c0 WorkerThread "GC Thread#12"                    [id=16748, stack(0x000000bbce000000,0x000000bbce100000) (1024K)]
  0x000001bf8b76d9b0 WorkerThread "GC Thread#13"                    [id=3024, stack(0x000000bbce100000,0x000000bbce200000) (1024K)]
  0x000001bf8b76cea0 WorkerThread "GC Thread#14"                    [id=3636, stack(0x000000bbce300000,0x000000bbce400000) (1024K)]
Total: 17

Threads with active compile tasks:
C2 CompilerThread0  8685 8167       4       java.lang.invoke.MethodHandleImpl::makePairwiseConvertByEditor (617 bytes)
C2 CompilerThread4  8685 8105       4       org.lombokweb.asm.ClassReader::readMethod (1070 bytes)
C2 CompilerThread5  8685 8109 %     4       org.lombokweb.asm.ClassReader::readCode @ 2187 (5117 bytes)
Total: 3

VM state: not at safepoint (normal execution)

VM Mutex/Monitor currently owned by a thread: None

Heap address: 0x0000000080000000, size: 2048 MB, Compressed Oops mode: 32-bit

CDS archive(s) mapped at: [0x000001bf43000000-0x000001bf43ba0000-0x000001bf43ba0000), size 12189696, SharedBaseAddress: 0x000001bf43000000, ArchiveRelocationMode: 1.
Compressed class space mapped at: 0x000001bf44000000-0x000001bf84000000, reserved size: 1073741824
Narrow klass base: 0x000001bf43000000, Narrow klass shift: 0, Narrow klass range: 0x100000000

GC Precious Log:
 CardTable entry size: 512
 CPUs: 20 total, 20 available
 Memory: 16053M
 Large Page Support: Disabled
 NUMA Support: Disabled
 Compressed Oops: Enabled (32-bit)
 Alignments: Space 512K, Generation 512K, Heap 2M
 Heap Min Capacity: 100M
 Heap Initial Capacity: 100M
 Heap Max Capacity: 2G
 Pre-touch: Disabled
 Parallel Workers: 15

Heap:
 PSYoungGen      total 20480K, used 980K [0x00000000d5580000, 0x00000000d6b00000, 0x0000000100000000)
  eden space 18944K, 1% used [0x00000000d5580000,0x00000000d55d5098,0x00000000d6800000)
  from space 1536K, 41% used [0x00000000d6880000,0x00000000d6920000,0x00000000d6a00000)
  to   space 1024K, 0% used [0x00000000d6a00000,0x00000000d6a00000,0x00000000d6b00000)
 ParOldGen       total 68608K, used 51500K [0x0000000080000000, 0x0000000084300000, 0x00000000d5580000)
  object space 68608K, 75% used [0x0000000080000000,0x000000008324b160,0x0000000084300000)
 Metaspace       used 55838K, committed 57280K, reserved 1114112K
  class space    used 6014K, committed 6656K, reserved 1048576K

Card table byte_map: [0x000001bf2b130000,0x000001bf2b540000] _byte_map_base: 0x000001bf2ad30000

Marking Bits: (ParMarkBitMap*) 0x00007ffe97b644a0
 Begin Bits: [0x000001bf3dc40000, 0x000001bf3fc40000)
 End Bits:   [0x000001bf3fc40000, 0x000001bf41c40000)

Polling page: 0x000001bf29610000

Metaspace:

Usage:
  Non-class:     48.66 MB used.
      Class:      5.87 MB used.
       Both:     54.53 MB used.

Virtual space:
  Non-class space:       64.00 MB reserved,      49.44 MB ( 77%) committed,  1 nodes.
      Class space:        1.00 GB reserved,       6.50 MB ( <1%) committed,  1 nodes.
             Both:        1.06 GB reserved,      55.94 MB (  5%) committed. 

Chunk freelists:
   Non-Class:  13.67 MB
       Class:  9.34 MB
        Both:  23.02 MB

MaxMetaspaceSize: unlimited
CompressedClassSpaceSize: 1.00 GB
Initial GC threshold: 21.00 MB
Current GC threshold: 58.38 MB
CDS: on
 - commit_granule_bytes: 65536.
 - commit_granule_words: 8192.
 - virtual_space_node_default_size: 8388608.
 - enlarge_chunks_in_place: 1.
 - use_allocation_guard: 0.


Internal statistics:

num_allocs_failed_limit: 10.
num_arena_births: 1062.
num_arena_deaths: 14.
num_vsnodes_births: 2.
num_vsnodes_deaths: 0.
num_space_committed: 895.
num_space_uncommitted: 0.
num_chunks_returned_to_freelist: 24.
num_chunks_taken_from_freelist: 3564.
num_chunk_merges: 11.
num_chunk_splits: 2254.
num_chunks_enlarged: 1329.
num_inconsistent_stats: 0.

CodeHeap 'non-profiled nmethods': size=119168Kb used=4927Kb max_used=4927Kb free=114240Kb
 bounds [0x000001bf36530000, 0x000001bf36a00000, 0x000001bf3d990000]
CodeHeap 'profiled nmethods': size=119104Kb used=16935Kb max_used=16935Kb free=102168Kb
 bounds [0x000001bf2e990000, 0x000001bf2fa20000, 0x000001bf35de0000]
CodeHeap 'non-nmethods': size=7488Kb used=2522Kb max_used=3151Kb free=4965Kb
 bounds [0x000001bf35de0000, 0x000001bf36100000, 0x000001bf36530000]
CodeCache: size=245760Kb, used=24384Kb, max_used=25013Kb, free=221373Kb
 total_blobs=8320, nmethods=7615, adapters=609, full_count=0
Compilation: enabled, stopped_count=0, restarted_count=0

Compilation events (20 events):
Event: 7.569 Thread 0x000001bf848a8b00 8186       1       lombok.eclipse.EclipseAST::isCompleteParse (5 bytes)
Event: 7.569 Thread 0x000001bf8b4f39a0 8169       4       java.util.ArrayList::toArray (12 bytes)
Event: 7.569 Thread 0x000001bf8b707240 nmethod 8166 0x000001bf369f8b10 code [0x000001bf369f8d20, 0x000001bf369f92b0]
Event: 7.569 Thread 0x000001bf8475cb10 8187  s    1       java.util.Vector::size (5 bytes)
Event: 7.569 Thread 0x000001bf848a8b00 nmethod 8186 0x000001bf369f9710 code [0x000001bf369f98a0, 0x000001bf369f9970]
Event: 7.569 Thread 0x000001bf8475cb10 nmethod 8187 0x000001bf369f9a10 code [0x000001bf369f9ba0, 0x000001bf369f9d28]
Event: 7.573 Thread 0x000001bf8b4f39a0 nmethod 8169 0x000001bf369f9d90 code [0x000001bf369f9f20, 0x000001bf369fa238]
Event: 7.575 Thread 0x000001bf8b707240 8188       4       java.util.ArrayList::toArray (57 bytes)
Event: 7.578 Thread 0x000001bf8b707240 nmethod 8188 0x000001bf369fa390 code [0x000001bf369fa540, 0x000001bf369faa68]
Event: 7.579 Thread 0x000001bf848a8b00 8189       3       org.eclipse.jdt.internal.core.JavaModelCache::putInfo (218 bytes)
Event: 7.580 Thread 0x000001bf848a8b00 nmethod 8189 0x000001bf2fa0a790 code [0x000001bf2fa0ab20, 0x000001bf2fa0c658]
Event: 7.594 Thread 0x000001bf8b6d0d30 nmethod 8152 0x000001bf369fac10 code [0x000001bf369faf20, 0x000001bf369fccf8]
Event: 7.605 Thread 0x000001bf848a8b00 8190   !   3       org.eclipse.osgi.internal.loader.BundleLoader::isDynamicallyImported (150 bytes)
Event: 7.605 Thread 0x000001bf848a8b00 nmethod 8190 0x000001bf2fa0cb90 code [0x000001bf2fa0cde0, 0x000001bf2fa0d750]
Event: 7.606 Thread 0x000001bf848a91b0 8191       3       lombok.launch.ShadowClassLoader::partOfShadow (46 bytes)
Event: 7.606 Thread 0x000001bf848a91b0 nmethod 8191 0x000001bf2fa0db10 code [0x000001bf2fa0dd00, 0x000001bf2fa0e0e8]
Event: 7.616 Thread 0x000001bf8b4f39a0 8192   !   4       org.eclipse.osgi.storage.bundlefile.MRUBundleFileList::use (55 bytes)
Event: 7.618 Thread 0x000001bf8b4f39a0 nmethod 8192 0x000001bf369fe590 code [0x000001bf369fe740, 0x000001bf369feac8]
Event: 8.293 Thread 0x000001bf8b6d0d30 8193       4       java.util.LinkedHashMap::afterNodeInsertion (40 bytes)
Event: 8.294 Thread 0x000001bf848a91b0 8194   !   3       org.eclipse.osgi.internal.framework.BundleContextImpl::dispatchEvent (577 bytes)

GC Heap History (20 events):
Event: 6.729 GC heap before
{Heap before GC invocations=25 (full 2):
 PSYoungGen      total 20480K, used 20452K [0x00000000d5580000, 0x00000000d6e00000, 0x0000000100000000)
  eden space 18944K, 100% used [0x00000000d5580000,0x00000000d6800000,0x00000000d6800000)
  from space 1536K, 98% used [0x00000000d6b00000,0x00000000d6c79050,0x00000000d6c80000)
  to   space 3072K, 0% used [0x00000000d6800000,0x00000000d6800000,0x00000000d6b00000)
 ParOldGen       total 68608K, used 35180K [0x0000000080000000, 0x0000000084300000, 0x00000000d5580000)
  object space 68608K, 51% used [0x0000000080000000,0x000000008225b160,0x0000000084300000)
 Metaspace       used 49498K, committed 50880K, reserved 1114112K
  class space    used 5365K, committed 6016K, reserved 1048576K
}
Event: 6.731 GC heap after
{Heap after GC invocations=25 (full 2):
 PSYoungGen      total 21504K, used 2449K [0x00000000d5580000, 0x00000000d6d00000, 0x0000000100000000)
  eden space 18944K, 0% used [0x00000000d5580000,0x00000000d5580000,0x00000000d6800000)
  from space 2560K, 95% used [0x00000000d6800000,0x00000000d6a64410,0x00000000d6a80000)
  to   space 2560K, 0% used [0x00000000d6a80000,0x00000000d6a80000,0x00000000d6d00000)
 ParOldGen       total 68608K, used 36632K [0x0000000080000000, 0x0000000084300000, 0x00000000d5580000)
  object space 68608K, 53% used [0x0000000080000000,0x00000000823c62a0,0x0000000084300000)
 Metaspace       used 49498K, committed 50880K, reserved 1114112K
  class space    used 5365K, committed 6016K, reserved 1048576K
}
Event: 6.804 GC heap before
{Heap before GC invocations=26 (full 2):
 PSYoungGen      total 21504K, used 21393K [0x00000000d5580000, 0x00000000d6d00000, 0x0000000100000000)
  eden space 18944K, 100% used [0x00000000d5580000,0x00000000d6800000,0x00000000d6800000)
  from space 2560K, 95% used [0x00000000d6800000,0x00000000d6a64410,0x00000000d6a80000)
  to   space 2560K, 0% used [0x00000000d6a80000,0x00000000d6a80000,0x00000000d6d00000)
 ParOldGen       total 68608K, used 36632K [0x0000000080000000, 0x0000000084300000, 0x00000000d5580000)
  object space 68608K, 53% used [0x0000000080000000,0x00000000823c62a0,0x0000000084300000)
 Metaspace       used 49832K, committed 51200K, reserved 1114112K
  class space    used 5417K, committed 6016K, reserved 1048576K
}
Event: 6.806 GC heap after
{Heap after GC invocations=26 (full 2):
 PSYoungGen      total 21504K, used 2304K [0x00000000d5580000, 0x00000000d6d00000, 0x0000000100000000)
  eden space 18944K, 0% used [0x00000000d5580000,0x00000000d5580000,0x00000000d6800000)
  from space 2560K, 90% used [0x00000000d6a80000,0x00000000d6cc0040,0x00000000d6d00000)
  to   space 2560K, 0% used [0x00000000d6800000,0x00000000d6800000,0x00000000d6a80000)
 ParOldGen       total 68608K, used 38841K [0x0000000080000000, 0x0000000084300000, 0x00000000d5580000)
  object space 68608K, 56% used [0x0000000080000000,0x00000000825ee6a0,0x0000000084300000)
 Metaspace       used 49832K, committed 51200K, reserved 1114112K
  class space    used 5417K, committed 6016K, reserved 1048576K
}
Event: 6.839 GC heap before
{Heap before GC invocations=27 (full 2):
 PSYoungGen      total 21504K, used 21248K [0x00000000d5580000, 0x00000000d6d00000, 0x0000000100000000)
  eden space 18944K, 100% used [0x00000000d5580000,0x00000000d6800000,0x00000000d6800000)
  from space 2560K, 90% used [0x00000000d6a80000,0x00000000d6cc0040,0x00000000d6d00000)
  to   space 2560K, 0% used [0x00000000d6800000,0x00000000d6800000,0x00000000d6a80000)
 ParOldGen       total 68608K, used 38841K [0x0000000080000000, 0x0000000084300000, 0x00000000d5580000)
  object space 68608K, 56% used [0x0000000080000000,0x00000000825ee6a0,0x0000000084300000)
 Metaspace       used 49850K, committed 51200K, reserved 1114112K
  class space    used 5417K, committed 6016K, reserved 1048576K
}
Event: 6.841 GC heap after
{Heap after GC invocations=27 (full 2):
 PSYoungGen      total 21504K, used 2402K [0x00000000d5580000, 0x00000000d6d00000, 0x0000000100000000)
  eden space 18944K, 0% used [0x00000000d5580000,0x00000000d5580000,0x00000000d6800000)
  from space 2560K, 93% used [0x00000000d6800000,0x00000000d6a58800,0x00000000d6a80000)
  to   space 2560K, 0% used [0x00000000d6a80000,0x00000000d6a80000,0x00000000d6d00000)
 ParOldGen       total 68608K, used 40872K [0x0000000080000000, 0x0000000084300000, 0x00000000d5580000)
  object space 68608K, 59% used [0x0000000080000000,0x00000000827ea080,0x0000000084300000)
 Metaspace       used 49850K, committed 51200K, reserved 1114112K
  class space    used 5417K, committed 6016K, reserved 1048576K
}
Event: 6.869 GC heap before
{Heap before GC invocations=28 (full 2):
 PSYoungGen      total 21504K, used 21346K [0x00000000d5580000, 0x00000000d6d00000, 0x0000000100000000)
  eden space 18944K, 100% used [0x00000000d5580000,0x00000000d6800000,0x00000000d6800000)
  from space 2560K, 93% used [0x00000000d6800000,0x00000000d6a58800,0x00000000d6a80000)
  to   space 2560K, 0% used [0x00000000d6a80000,0x00000000d6a80000,0x00000000d6d00000)
 ParOldGen       total 68608K, used 40872K [0x0000000080000000, 0x0000000084300000, 0x00000000d5580000)
  object space 68608K, 59% used [0x0000000080000000,0x00000000827ea080,0x0000000084300000)
 Metaspace       used 49858K, committed 51264K, reserved 1114112K
  class space    used 5417K, committed 6080K, reserved 1048576K
}
Event: 6.871 GC heap after
{Heap after GC invocations=28 (full 2):
 PSYoungGen      total 21504K, used 2340K [0x00000000d5580000, 0x00000000d6d00000, 0x0000000100000000)
  eden space 18944K, 0% used [0x00000000d5580000,0x00000000d5580000,0x00000000d6800000)
  from space 2560K, 91% used [0x00000000d6a80000,0x00000000d6cc9000,0x00000000d6d00000)
  to   space 2560K, 0% used [0x00000000d6800000,0x00000000d6800000,0x00000000d6a80000)
 ParOldGen       total 68608K, used 42812K [0x0000000080000000, 0x0000000084300000, 0x00000000d5580000)
  object space 68608K, 62% used [0x0000000080000000,0x00000000829cf3e0,0x0000000084300000)
 Metaspace       used 49858K, committed 51264K, reserved 1114112K
  class space    used 5417K, committed 6080K, reserved 1048576K
}
Event: 6.904 GC heap before
{Heap before GC invocations=29 (full 2):
 PSYoungGen      total 21504K, used 21284K [0x00000000d5580000, 0x00000000d6d00000, 0x0000000100000000)
  eden space 18944K, 100% used [0x00000000d5580000,0x00000000d6800000,0x00000000d6800000)
  from space 2560K, 91% used [0x00000000d6a80000,0x00000000d6cc9000,0x00000000d6d00000)
  to   space 2560K, 0% used [0x00000000d6800000,0x00000000d6800000,0x00000000d6a80000)
 ParOldGen       total 68608K, used 42812K [0x0000000080000000, 0x0000000084300000, 0x00000000d5580000)
  object space 68608K, 62% used [0x0000000080000000,0x00000000829cf3e0,0x0000000084300000)
 Metaspace       used 49906K, committed 51264K, reserved 1114112K
  class space    used 5418K, committed 6080K, reserved 1048576K
}
Event: 6.906 GC heap after
{Heap after GC invocations=29 (full 2):
 PSYoungGen      total 21504K, used 2272K [0x00000000d5580000, 0x00000000d6d00000, 0x0000000100000000)
  eden space 18944K, 0% used [0x00000000d5580000,0x00000000d5580000,0x00000000d6800000)
  from space 2560K, 88% used [0x00000000d6800000,0x00000000d6a38010,0x00000000d6a80000)
  to   space 2560K, 0% used [0x00000000d6a80000,0x00000000d6a80000,0x00000000d6d00000)
 ParOldGen       total 68608K, used 44983K [0x0000000080000000, 0x0000000084300000, 0x00000000d5580000)
  object space 68608K, 65% used [0x0000000080000000,0x0000000082bedf30,0x0000000084300000)
 Metaspace       used 49906K, committed 51264K, reserved 1114112K
  class space    used 5418K, committed 6080K, reserved 1048576K
}
Event: 6.937 GC heap before
{Heap before GC invocations=30 (full 2):
 PSYoungGen      total 21504K, used 21216K [0x00000000d5580000, 0x00000000d6d00000, 0x0000000100000000)
  eden space 18944K, 100% used [0x00000000d5580000,0x00000000d6800000,0x00000000d6800000)
  from space 2560K, 88% used [0x00000000d6800000,0x00000000d6a38010,0x00000000d6a80000)
  to   space 2560K, 0% used [0x00000000d6a80000,0x00000000d6a80000,0x00000000d6d00000)
 ParOldGen       total 68608K, used 44983K [0x0000000080000000, 0x0000000084300000, 0x00000000d5580000)
  object space 68608K, 65% used [0x0000000080000000,0x0000000082bedf30,0x0000000084300000)
 Metaspace       used 49968K, committed 51328K, reserved 1114112K
  class space    used 5418K, committed 6080K, reserved 1048576K
}
Event: 6.939 GC heap after
{Heap after GC invocations=30 (full 2):
 PSYoungGen      total 21504K, used 1976K [0x00000000d5580000, 0x00000000d6d00000, 0x0000000100000000)
  eden space 18944K, 0% used [0x00000000d5580000,0x00000000d5580000,0x00000000d6800000)
  from space 2560K, 77% used [0x00000000d6a80000,0x00000000d6c6e200,0x00000000d6d00000)
  to   space 2560K, 0% used [0x00000000d6800000,0x00000000d6800000,0x00000000d6a80000)
 ParOldGen       total 68608K, used 47071K [0x0000000080000000, 0x0000000084300000, 0x00000000d5580000)
  object space 68608K, 68% used [0x0000000080000000,0x0000000082df7f40,0x0000000084300000)
 Metaspace       used 49968K, committed 51328K, reserved 1114112K
  class space    used 5418K, committed 6080K, reserved 1048576K
}
Event: 7.145 GC heap before
{Heap before GC invocations=31 (full 2):
 PSYoungGen      total 21504K, used 20920K [0x00000000d5580000, 0x00000000d6d00000, 0x0000000100000000)
  eden space 18944K, 100% used [0x00000000d5580000,0x00000000d6800000,0x00000000d6800000)
  from space 2560K, 77% used [0x00000000d6a80000,0x00000000d6c6e200,0x00000000d6d00000)
  to   space 2560K, 0% used [0x00000000d6800000,0x00000000d6800000,0x00000000d6a80000)
 ParOldGen       total 68608K, used 47071K [0x0000000080000000, 0x0000000084300000, 0x00000000d5580000)
  object space 68608K, 68% used [0x0000000080000000,0x0000000082df7f40,0x0000000084300000)
 Metaspace       used 51829K, committed 53184K, reserved 1114112K
  class space    used 5666K, committed 6272K, reserved 1048576K
}
Event: 7.146 GC heap after
{Heap after GC invocations=31 (full 2):
 PSYoungGen      total 20480K, used 1052K [0x00000000d5580000, 0x00000000d6b00000, 0x0000000100000000)
  eden space 18944K, 0% used [0x00000000d5580000,0x00000000d5580000,0x00000000d6800000)
  from space 1536K, 68% used [0x00000000d6800000,0x00000000d6907280,0x00000000d6980000)
  to   space 1536K, 0% used [0x00000000d6980000,0x00000000d6980000,0x00000000d6b00000)
 ParOldGen       total 68608K, used 48864K [0x0000000080000000, 0x0000000084300000, 0x00000000d5580000)
  object space 68608K, 71% used [0x0000000080000000,0x0000000082fb8140,0x0000000084300000)
 Metaspace       used 51829K, committed 53184K, reserved 1114112K
  class space    used 5666K, committed 6272K, reserved 1048576K
}
Event: 7.324 GC heap before
{Heap before GC invocations=32 (full 2):
 PSYoungGen      total 20480K, used 19996K [0x00000000d5580000, 0x00000000d6b00000, 0x0000000100000000)
  eden space 18944K, 100% used [0x00000000d5580000,0x00000000d6800000,0x00000000d6800000)
  from space 1536K, 68% used [0x00000000d6800000,0x00000000d6907280,0x00000000d6980000)
  to   space 1536K, 0% used [0x00000000d6980000,0x00000000d6980000,0x00000000d6b00000)
 ParOldGen       total 68608K, used 48864K [0x0000000080000000, 0x0000000084300000, 0x00000000d5580000)
  object space 68608K, 71% used [0x0000000080000000,0x0000000082fb8140,0x0000000084300000)
 Metaspace       used 52667K, committed 54016K, reserved 1114112K
  class space    used 5766K, committed 6400K, reserved 1048576K
}
Event: 7.325 GC heap after
{Heap after GC invocations=32 (full 2):
 PSYoungGen      total 19968K, used 608K [0x00000000d5580000, 0x00000000d6a80000, 0x0000000100000000)
  eden space 18944K, 0% used [0x00000000d5580000,0x00000000d5580000,0x00000000d6800000)
  from space 1024K, 59% used [0x00000000d6980000,0x00000000d6a18010,0x00000000d6a80000)
  to   space 1024K, 0% used [0x00000000d6880000,0x00000000d6880000,0x00000000d6980000)
 ParOldGen       total 68608K, used 49650K [0x0000000080000000, 0x0000000084300000, 0x00000000d5580000)
  object space 68608K, 72% used [0x0000000080000000,0x000000008307cac0,0x0000000084300000)
 Metaspace       used 52667K, committed 54016K, reserved 1114112K
  class space    used 5766K, committed 6400K, reserved 1048576K
}
Event: 7.418 GC heap before
{Heap before GC invocations=33 (full 2):
 PSYoungGen      total 19968K, used 19552K [0x00000000d5580000, 0x00000000d6a80000, 0x0000000100000000)
  eden space 18944K, 100% used [0x00000000d5580000,0x00000000d6800000,0x00000000d6800000)
  from space 1024K, 59% used [0x00000000d6980000,0x00000000d6a18010,0x00000000d6a80000)
  to   space 1024K, 0% used [0x00000000d6880000,0x00000000d6880000,0x00000000d6980000)
 ParOldGen       total 68608K, used 49650K [0x0000000080000000, 0x0000000084300000, 0x00000000d5580000)
  object space 68608K, 72% used [0x0000000080000000,0x000000008307cac0,0x0000000084300000)
 Metaspace       used 53588K, committed 54976K, reserved 1114112K
  class space    used 5835K, committed 6464K, reserved 1048576K
}
Event: 7.419 GC heap after
{Heap after GC invocations=33 (full 2):
 PSYoungGen      total 19968K, used 1016K [0x00000000d5580000, 0x00000000d6d00000, 0x0000000100000000)
  eden space 18944K, 0% used [0x00000000d5580000,0x00000000d5580000,0x00000000d6800000)
  from space 1024K, 99% used [0x00000000d6880000,0x00000000d697e3a0,0x00000000d6980000)
  to   space 2560K, 0% used [0x00000000d6a80000,0x00000000d6a80000,0x00000000d6d00000)
 ParOldGen       total 68608K, used 50550K [0x0000000080000000, 0x0000000084300000, 0x00000000d5580000)
  object space 68608K, 73% used [0x0000000080000000,0x000000008315daf0,0x0000000084300000)
 Metaspace       used 53588K, committed 54976K, reserved 1114112K
  class space    used 5835K, committed 6464K, reserved 1048576K
}
Event: 7.458 GC heap before
{Heap before GC invocations=34 (full 2):
 PSYoungGen      total 19968K, used 19960K [0x00000000d5580000, 0x00000000d6d00000, 0x0000000100000000)
  eden space 18944K, 100% used [0x00000000d5580000,0x00000000d6800000,0x00000000d6800000)
  from space 1024K, 99% used [0x00000000d6880000,0x00000000d697e3a0,0x00000000d6980000)
  to   space 2560K, 0% used [0x00000000d6a80000,0x00000000d6a80000,0x00000000d6d00000)
 ParOldGen       total 68608K, used 50550K [0x0000000080000000, 0x0000000084300000, 0x00000000d5580000)
  object space 68608K, 73% used [0x0000000080000000,0x000000008315daf0,0x0000000084300000)
 Metaspace       used 53596K, committed 54976K, reserved 1114112K
  class space    used 5835K, committed 6464K, reserved 1048576K
}
Event: 7.459 GC heap after
{Heap after GC invocations=34 (full 2):
 PSYoungGen      total 19968K, used 957K [0x00000000d5580000, 0x00000000d6b80000, 0x0000000100000000)
  eden space 18944K, 0% used [0x00000000d5580000,0x00000000d5580000,0x00000000d6800000)
  from space 1024K, 93% used [0x00000000d6a80000,0x00000000d6b6f458,0x00000000d6b80000)
  to   space 1536K, 0% used [0x00000000d6880000,0x00000000d6880000,0x00000000d6a00000)
 ParOldGen       total 68608K, used 51276K [0x0000000080000000, 0x0000000084300000, 0x00000000d5580000)
  object space 68608K, 74% used [0x0000000080000000,0x0000000083213160,0x0000000084300000)
 Metaspace       used 53596K, committed 54976K, reserved 1114112K
  class space    used 5835K, committed 6464K, reserved 1048576K
}

Dll operation events (20 events):
Event: 0.009 Attempting to load shared library c:\Users\ESTUDIANTES\.vscode\extensions\redhat.java-1.56.0-win32-x64\jre\21.0.12.1-win32-x86_64\bin\java.dll
Event: 0.009 Loaded shared library c:\Users\ESTUDIANTES\.vscode\extensions\redhat.java-1.56.0-win32-x64\jre\21.0.12.1-win32-x86_64\bin\java.dll
Event: 0.052 Attempting to load shared library c:\Users\ESTUDIANTES\.vscode\extensions\redhat.java-1.56.0-win32-x64\jre\21.0.12.1-win32-x86_64\bin\zip.dll
Event: 0.052 Loaded shared library c:\Users\ESTUDIANTES\.vscode\extensions\redhat.java-1.56.0-win32-x64\jre\21.0.12.1-win32-x86_64\bin\zip.dll
Event: 0.069 Attempting to load shared library C:\Users\ESTUDIANTES\.vscode\extensions\redhat.java-1.56.0-win32-x64\jre\21.0.12.1-win32-x86_64\bin\instrument.dll
Event: 0.069 Loaded shared library C:\Users\ESTUDIANTES\.vscode\extensions\redhat.java-1.56.0-win32-x64\jre\21.0.12.1-win32-x86_64\bin\instrument.dll
Event: 0.072 Attempting to load shared library C:\Users\ESTUDIANTES\.vscode\extensions\redhat.java-1.56.0-win32-x64\jre\21.0.12.1-win32-x86_64\bin\net.dll
Event: 0.073 Loaded shared library C:\Users\ESTUDIANTES\.vscode\extensions\redhat.java-1.56.0-win32-x64\jre\21.0.12.1-win32-x86_64\bin\net.dll
Event: 0.074 Attempting to load shared library C:\Users\ESTUDIANTES\.vscode\extensions\redhat.java-1.56.0-win32-x64\jre\21.0.12.1-win32-x86_64\bin\nio.dll
Event: 0.075 Loaded shared library C:\Users\ESTUDIANTES\.vscode\extensions\redhat.java-1.56.0-win32-x64\jre\21.0.12.1-win32-x86_64\bin\nio.dll
Event: 0.078 Attempting to load shared library C:\Users\ESTUDIANTES\.vscode\extensions\redhat.java-1.56.0-win32-x64\jre\21.0.12.1-win32-x86_64\bin\zip.dll
Event: 0.078 Loaded shared library C:\Users\ESTUDIANTES\.vscode\extensions\redhat.java-1.56.0-win32-x64\jre\21.0.12.1-win32-x86_64\bin\zip.dll
Event: 0.091 Attempting to load shared library C:\Users\ESTUDIANTES\.vscode\extensions\redhat.java-1.56.0-win32-x64\jre\21.0.12.1-win32-x86_64\bin\jimage.dll
Event: 0.091 Loaded shared library C:\Users\ESTUDIANTES\.vscode\extensions\redhat.java-1.56.0-win32-x64\jre\21.0.12.1-win32-x86_64\bin\jimage.dll
Event: 0.146 Attempting to load shared library c:\Users\ESTUDIANTES\.vscode\extensions\redhat.java-1.56.0-win32-x64\jre\21.0.12.1-win32-x86_64\bin\verify.dll
Event: 0.147 Loaded shared library c:\Users\ESTUDIANTES\.vscode\extensions\redhat.java-1.56.0-win32-x64\jre\21.0.12.1-win32-x86_64\bin\verify.dll
Event: 0.895 Attempting to load shared library C:\Users\ESTUDIANTES\AppData\Roaming\Code\User\globalStorage\redhat.java\1.56.0\config_win\org.eclipse.equinox.launcher\org.eclipse.equinox.launcher.win32.win32.x86_64_1.3.100.v20260804-1928\eclipse_11924.dll
Event: 0.897 Loaded shared library C:\Users\ESTUDIANTES\AppData\Roaming\Code\User\globalStorage\redhat.java\1.56.0\config_win\org.eclipse.equinox.launcher\org.eclipse.equinox.launcher.win32.win32.x86_64_1.3.100.v20260804-1928\eclipse_11924.dll
Event: 3.818 Attempting to load shared library C:\Users\ESTUDIANTES\AppData\Local\Temp\jna-119431361\jna11099090009726873799.dll
Event: 3.886 Loaded shared library C:\Users\ESTUDIANTES\AppData\Local\Temp\jna-119431361\jna11099090009726873799.dll

Deoptimization events (20 events):
Event: 7.543 Thread 0x000001bf8e37be20 Uncommon trap: trap_request=0xffffffcc fr.pc=0x000001bf369ec654 relative=0x0000000000001834
Event: 7.543 Thread 0x000001bf8b11e4c0 Uncommon trap: trap_request=0xffffffcc fr.pc=0x000001bf369ec654 relative=0x0000000000001834
Event: 7.543 Thread 0x000001bf8b11e4c0 Uncommon trap: reason=intrinsic_or_type_checked_inlining action=make_not_entrant pc=0x000001bf369ec654 method=java.util.ArrayList$SubList.toArray([Ljava/lang/Object;)[Ljava/lang/Object; @ 58 c2
Event: 7.543 Thread 0x000001bf8e37be20 Uncommon trap: reason=intrinsic_or_type_checked_inlining action=make_not_entrant pc=0x000001bf369ec654 method=java.util.ArrayList$SubList.toArray([Ljava/lang/Object;)[Ljava/lang/Object; @ 58 c2
Event: 7.543 Thread 0x000001bf8b11e4c0 DEOPT PACKING pc=0x000001bf369ec654 sp=0x000000bbd07fd4e0
Event: 7.543 Thread 0x000001bf8e37be20 DEOPT PACKING pc=0x000001bf369ec654 sp=0x000000bbd1cfd390
Event: 7.543 Thread 0x000001bf8b11e4c0 DEOPT UNPACKING pc=0x000001bf35e33aa2 sp=0x000000bbd07fd408 mode 2
Event: 7.543 Thread 0x000001bf8e37be20 DEOPT UNPACKING pc=0x000001bf35e33aa2 sp=0x000000bbd1cfd2b8 mode 2
Event: 7.560 Thread 0x000001bf8e37be20 Uncommon trap: trap_request=0xffffffde fr.pc=0x000001bf366f6d4c relative=0x00000000000000ac
Event: 7.560 Thread 0x000001bf8e37be20 Uncommon trap: reason=class_check action=maybe_recompile pc=0x000001bf366f6d4c method=jdk.internal.util.StrongReferenceKey.equals(Ljava/lang/Object;)Z @ 1 c2
Event: 7.560 Thread 0x000001bf8e37be20 DEOPT PACKING pc=0x000001bf366f6d4c sp=0x000000bbd1cfceb0
Event: 7.560 Thread 0x000001bf8e37be20 DEOPT UNPACKING pc=0x000001bf35e33aa2 sp=0x000000bbd1cfce38 mode 2
Event: 7.572 Thread 0x000001bf8e37be20 Uncommon trap: trap_request=0xffffff45 fr.pc=0x000001bf36594b24 relative=0x0000000000000764
Event: 7.572 Thread 0x000001bf8e37be20 Uncommon trap: reason=unstable_if action=reinterpret pc=0x000001bf36594b24 method=java.util.WeakHashMap.remove(Ljava/lang/Object;)Ljava/lang/Object; @ 92 c2
Event: 7.572 Thread 0x000001bf8e37be20 DEOPT PACKING pc=0x000001bf36594b24 sp=0x000000bbd1cfcf20
Event: 7.572 Thread 0x000001bf8e37be20 DEOPT UNPACKING pc=0x000001bf35e33aa2 sp=0x000000bbd1cfced0 mode 2
Event: 7.580 Thread 0x000001bf8e37be20 Uncommon trap: trap_request=0xffffffdc fr.pc=0x000001bf369fa7f4 relative=0x00000000000002b4
Event: 7.580 Thread 0x000001bf8e37be20 Uncommon trap: reason=class_check action=make_not_entrant pc=0x000001bf369fa7f4 method=java.util.ArrayList.toArray([Ljava/lang/Object;)[Ljava/lang/Object; @ 21 c2
Event: 7.580 Thread 0x000001bf8e37be20 DEOPT PACKING pc=0x000001bf369fa7f4 sp=0x000000bbd1cfe770
Event: 7.580 Thread 0x000001bf8e37be20 DEOPT UNPACKING pc=0x000001bf35e33aa2 sp=0x000000bbd1cfe730 mode 2

Classes loaded (20 events):
Event: 6.616 Loading class jdk/internal/jrtfs/JrtPath
Event: 6.617 Loading class jdk/internal/jrtfs/JrtPath done
Event: 6.617 Loading class jdk/internal/jimage/ImageReader$Node
Event: 6.617 Loading class jdk/internal/jimage/ImageReader$Node done
Event: 6.619 Loading class java/nio/ByteBufferAsIntBufferL
Event: 6.620 Loading class java/nio/ByteBufferAsIntBufferL done
Event: 6.621 Loading class jdk/internal/jimage/ImageReader$Directory
Event: 6.622 Loading class jdk/internal/jimage/ImageReader$Directory done
Event: 6.750 Loading class java/util/AbstractList$ListItr
Event: 6.751 Loading class java/util/AbstractList$ListItr done
Event: 6.768 Loading class java/nio/channels/Channels$ReadableByteChannelImpl
Event: 6.768 Loading class java/nio/channels/Channels$ReadableByteChannelImpl done
Event: 6.770 Loading class java/nio/channels/NonWritableChannelException
Event: 6.770 Loading class java/nio/channels/NonWritableChannelException done
Event: 6.888 Loading class java/lang/invoke/MethodHandleImpl$CountingWrapper$1
Event: 6.888 Loading class java/lang/invoke/MethodHandleImpl$CountingWrapper$1 done
Event: 7.211 Loading class java/util/Vector$1
Event: 7.211 Loading class java/util/Vector$1 done
Event: 7.579 Loading class java/util/Hashtable$ValueCollection
Event: 7.579 Loading class java/util/Hashtable$ValueCollection done

Classes unloaded (7 events):
Event: 4.236 Thread 0x000001bf2b83ab40 Unloading class 0x000001bf441ad400 'java/lang/invoke/LambdaForm$MH+0x000001bf441ad400'
Event: 4.236 Thread 0x000001bf2b83ab40 Unloading class 0x000001bf441ad000 'java/lang/invoke/LambdaForm$MH+0x000001bf441ad000'
Event: 4.236 Thread 0x000001bf2b83ab40 Unloading class 0x000001bf441acc00 'java/lang/invoke/LambdaForm$MH+0x000001bf441acc00'
Event: 4.236 Thread 0x000001bf2b83ab40 Unloading class 0x000001bf441ac800 'java/lang/invoke/LambdaForm$MH+0x000001bf441ac800'
Event: 4.236 Thread 0x000001bf2b83ab40 Unloading class 0x000001bf441ac400 'java/lang/invoke/LambdaForm$BMH+0x000001bf441ac400'
Event: 4.236 Thread 0x000001bf2b83ab40 Unloading class 0x000001bf441ac000 'java/lang/invoke/LambdaForm$DMH+0x000001bf441ac000'
Event: 4.236 Thread 0x000001bf2b83ab40 Unloading class 0x000001bf441aac00 'java/lang/invoke/LambdaForm$DMH+0x000001bf441aac00'

Classes redefined (0 events):
No events

Internal exceptions (20 events):
Event: 6.450 Thread 0x000001bf8b10cee0 Exception <a 'sun/nio/fs/WindowsException'{0x00000000d575fa40}> (0x00000000d575fa40) 
thrown [s\src\hotspot\share\prims\jni.cpp, line 520]
Event: 6.450 Thread 0x000001bf8b10cee0 Exception <a 'sun/nio/fs/WindowsException'{0x00000000d5760098}> (0x00000000d5760098) 
thrown [s\src\hotspot\share\prims\jni.cpp, line 520]
Event: 6.450 Thread 0x000001bf8b10cee0 Exception <a 'sun/nio/fs/WindowsException'{0x00000000d57606f8}> (0x00000000d57606f8) 
thrown [s\src\hotspot\share\prims\jni.cpp, line 520]
Event: 6.450 Thread 0x000001bf8b10cee0 Exception <a 'sun/nio/fs/WindowsException'{0x00000000d5760d68}> (0x00000000d5760d68) 
thrown [s\src\hotspot\share\prims\jni.cpp, line 520]
Event: 6.450 Thread 0x000001bf8b10cee0 Exception <a 'sun/nio/fs/WindowsException'{0x00000000d5764350}> (0x00000000d5764350) 
thrown [s\src\hotspot\share\prims\jni.cpp, line 520]
Event: 6.450 Thread 0x000001bf8b10cee0 Exception <a 'sun/nio/fs/WindowsException'{0x00000000d57649b8}> (0x00000000d57649b8) 
thrown [s\src\hotspot\share\prims\jni.cpp, line 520]
Event: 6.450 Thread 0x000001bf8b10cee0 Exception <a 'sun/nio/fs/WindowsException'{0x00000000d57652c8}> (0x00000000d57652c8) 
thrown [s\src\hotspot\share\prims\jni.cpp, line 520]
Event: 6.450 Thread 0x000001bf8b10cee0 Exception <a 'sun/nio/fs/WindowsException'{0x00000000d5765950}> (0x00000000d5765950) 
thrown [s\src\hotspot\share\prims\jni.cpp, line 520]
Event: 6.450 Thread 0x000001bf8b10cee0 Exception <a 'sun/nio/fs/WindowsException'{0x00000000d57691b0}> (0x00000000d57691b0) 
thrown [s\src\hotspot\share\prims\jni.cpp, line 520]
Event: 6.450 Thread 0x000001bf8b10cee0 Exception <a 'sun/nio/fs/WindowsException'{0x00000000d5769848}> (0x00000000d5769848) 
thrown [s\src\hotspot\share\prims\jni.cpp, line 520]
Event: 6.450 Thread 0x000001bf8b10cee0 Exception <a 'sun/nio/fs/WindowsException'{0x00000000d5769ef0}> (0x00000000d5769ef0) 
thrown [s\src\hotspot\share\prims\jni.cpp, line 520]
Event: 6.450 Thread 0x000001bf8b10cee0 Exception <a 'sun/nio/fs/WindowsException'{0x00000000d576a5a8}> (0x00000000d576a5a8) 
thrown [s\src\hotspot\share\prims\jni.cpp, line 520]
Event: 6.450 Thread 0x000001bf8b10cee0 Exception <a 'sun/nio/fs/WindowsException'{0x00000000d576d2b0}> (0x00000000d576d2b0) 
thrown [s\src\hotspot\share\prims\jni.cpp, line 520]
Event: 6.450 Thread 0x000001bf8b10cee0 Exception <a 'sun/nio/fs/WindowsException'{0x00000000d576d990}> (0x00000000d576d990) 
thrown [s\src\hotspot\share\prims\jni.cpp, line 520]
Event: 6.450 Thread 0x000001bf8b10cee0 Exception <a 'sun/nio/fs/WindowsException'{0x00000000d576e070}> (0x00000000d576e070) 
thrown [s\src\hotspot\share\prims\jni.cpp, line 520]
Event: 6.450 Thread 0x000001bf8b10cee0 Exception <a 'sun/nio/fs/WindowsException'{0x00000000d576e768}> (0x00000000d576e768) 
thrown [s\src\hotspot\share\prims\jni.cpp, line 520]
Event: 6.554 Thread 0x000001bf8b11e4c0 Exception <a 'java/lang/IncompatibleClassChangeError'{0x00000000d55f0710}: Found class java.lang.Object, but interface was expected> (0x00000000d55f0710) 
thrown [s\src\hotspot\share\interpreter\linkResolver.cpp, line 840]
Event: 6.613 Thread 0x000001bf8b11e4c0 Exception <a 'java/lang/NoSuchMethodError'{0x00000000d5e13988}: 'java.lang.Object java.lang.invoke.DelegatingMethodHandle$Holder.reinvoke_L(java.lang.Object, int, long, java.lang.Object, java.lang.Object, int, java.lang.Object)'> (0x00000000d5e13988) 
thrown [s\src\hotspot\share\interpreter\linkResolver.cpp, line 773]
Event: 7.107 Thread 0x000001bf8e37be20 Exception <a 'java/lang/LinkageError'{0x00000000d62e1fc0}: loader lombok.launch.ShadowClassLoader @447110b4 attempted duplicate class definition for lombok.launch.PatchFixesHider$Transform. (lombok.launch.PatchFixesHider$Transform is in unnamed module of loader lombok.launch.ShadowClassLoader @447110b4, parent loader org.eclipse.osgi.internal.loader.EquinoxClassLoader @46914781)> (0x00000000d62e1fc0) 
thrown [s\src\hotspot\share\classfile\systemDictionary.cpp, line 1673]
Event: 7.383 Thread 0x000001bf8e37be20 Exception <a 'java/lang/LinkageError'{0x00000000d5ce57b0}: loader lombok.launch.ShadowClassLoader @447110b4 attempted duplicate class definition for lombok.launch.PatchFixesHider$ValPortal. (lombok.launch.PatchFixesHider$ValPortal is in unnamed module of loader lombok.launch.ShadowClassLoader @447110b4, parent loader org.eclipse.osgi.internal.loader.EquinoxClassLoader @46914781)> (0x00000000d5ce57b0) 
thrown [s\src\hotspot\share\classfile\systemDictionary.cpp, line 1673]

ZGC Phase Switch (0 events):
No events

VM Operations (20 events):
Event: 6.839 Executing safepoint VM operation: ParallelGCFailedAllocation (Allocation Failure)
Event: 6.841 Executing safepoint VM operation: ParallelGCFailedAllocation (Allocation Failure) done
Event: 6.869 Executing safepoint VM operation: ParallelGCFailedAllocation (Allocation Failure)
Event: 6.871 Executing safepoint VM operation: ParallelGCFailedAllocation (Allocation Failure) done
Event: 6.904 Executing safepoint VM operation: ParallelGCFailedAllocation (Allocation Failure)
Event: 6.906 Executing safepoint VM operation: ParallelGCFailedAllocation (Allocation Failure) done
Event: 6.937 Executing safepoint VM operation: ParallelGCFailedAllocation (Allocation Failure)
Event: 6.939 Executing safepoint VM operation: ParallelGCFailedAllocation (Allocation Failure) done
Event: 7.079 Executing non-safepoint VM operation: HandshakeAllThreads (Deoptimize)
Event: 7.080 Executing non-safepoint VM operation: HandshakeAllThreads (Deoptimize) done
Event: 7.145 Executing safepoint VM operation: ParallelGCFailedAllocation (Allocation Failure)
Event: 7.146 Executing safepoint VM operation: ParallelGCFailedAllocation (Allocation Failure) done
Event: 7.324 Executing safepoint VM operation: ParallelGCFailedAllocation (Allocation Failure)
Event: 7.325 Executing safepoint VM operation: ParallelGCFailedAllocation (Allocation Failure) done
Event: 7.418 Executing safepoint VM operation: ParallelGCFailedAllocation (Allocation Failure)
Event: 7.419 Executing safepoint VM operation: ParallelGCFailedAllocation (Allocation Failure) done
Event: 7.458 Executing safepoint VM operation: ParallelGCFailedAllocation (Allocation Failure)
Event: 7.459 Executing safepoint VM operation: ParallelGCFailedAllocation (Allocation Failure) done
Event: 8.460 Executing safepoint VM operation: Cleanup
Event: 8.460 Executing safepoint VM operation: Cleanup done

Memory protections (0 events):
No events

Nmethod flushes (20 events):
Event: 5.114 Thread 0x000001bf2b83ab40 flushing  nmethod 0x000001bf2f001f90
Event: 5.114 Thread 0x000001bf2b83ab40 flushing  nmethod 0x000001bf2f03bd10
Event: 5.114 Thread 0x000001bf2b83ab40 flushing  nmethod 0x000001bf2f041f90
Event: 5.114 Thread 0x000001bf2b83ab40 flushing  nmethod 0x000001bf2f06e410
Event: 5.114 Thread 0x000001bf2b83ab40 flushing  nmethod 0x000001bf2f06f890
Event: 5.114 Thread 0x000001bf2b83ab40 flushing  nmethod 0x000001bf2f070190
Event: 5.114 Thread 0x000001bf2b83ab40 flushing  nmethod 0x000001bf2f071390
Event: 5.114 Thread 0x000001bf2b83ab40 flushing  nmethod 0x000001bf2f071b90
Event: 5.114 Thread 0x000001bf2b83ab40 flushing  nmethod 0x000001bf2f072310
Event: 5.114 Thread 0x000001bf2b83ab40 flushing  nmethod 0x000001bf2f073890
Event: 5.114 Thread 0x000001bf2b83ab40 flushing  nmethod 0x000001bf2f074190
Event: 5.114 Thread 0x000001bf2b83ab40 flushing  nmethod 0x000001bf2f074a90
Event: 5.114 Thread 0x000001bf2b83ab40 flushing  nmethod 0x000001bf2f074f10
Event: 5.114 Thread 0x000001bf2b83ab40 flushing  nmethod 0x000001bf2f075a90
Event: 5.114 Thread 0x000001bf2b83ab40 flushing  nmethod 0x000001bf2f078410
Event: 5.114 Thread 0x000001bf2b83ab40 flushing  nmethod 0x000001bf2f079e90
Event: 5.114 Thread 0x000001bf2b83ab40 flushing  nmethod 0x000001bf2f0c1190
Event: 5.114 Thread 0x000001bf2b83ab40 flushing  nmethod 0x000001bf2f0e1690
Event: 5.114 Thread 0x000001bf2b83ab40 flushing  nmethod 0x000001bf2f0e8c10
Event: 5.114 Thread 0x000001bf2b83ab40 flushing  nmethod 0x000001bf2f16c390

Events (20 events):
Event: 5.279 Thread 0x000001bf8b11f1e0 Thread added: 0x000001bf8b120c20
Event: 5.279 Thread 0x000001bf8b11bd60 Thread added: 0x000001bf8b120590
Event: 5.279 Thread 0x000001bf8b120c20 Thread added: 0x000001bf8b1212b0
Event: 5.280 Thread 0x000001bf8b120590 Thread added: 0x000001bf8b121fd0
Event: 5.280 Thread 0x000001bf8b1212b0 Thread added: 0x000001bf8b122660
Event: 5.281 Thread 0x000001bf8b121fd0 Thread added: 0x000001bf8b122cf0
Event: 5.281 Thread 0x000001bf8b122660 Thread added: 0x000001bf8b121940
Event: 5.282 Thread 0x000001bf8b122cf0 Thread added: 0x000001bf8b11f870
Event: 5.282 Thread 0x000001bf8b121940 Thread added: 0x000001bf8b11ff00
Event: 5.283 Thread 0x000001bf8b11f870 Thread added: 0x000001bf8e3775f0
Event: 5.283 Thread 0x000001bf8b11ff00 Thread added: 0x000001bf8e37aa70
Event: 5.284 Thread 0x000001bf8e3775f0 Thread added: 0x000001bf8e3796c0
Event: 5.284 Thread 0x000001bf8e37aa70 Thread added: 0x000001bf8e37b100
Event: 6.389 Thread 0x000001bf8b10cee0 Thread added: 0x000001bf8e37d860
Event: 6.537 Thread 0x000001bf8e37d860 Thread exited: 0x000001bf8e37d860
Event: 6.556 Thread 0x000001bf8b11e4c0 Thread added: 0x000001bf8e37c4b0
Event: 6.556 Thread 0x000001bf8b11e4c0 Thread added: 0x000001bf8e37be20
Event: 7.301 Thread 0x000001bf8b6cdd80 Thread exited: 0x000001bf8b6cdd80
Event: 7.377 Thread 0x000001bf8b6d0660 Thread exited: 0x000001bf8b6d0660
Event: 8.294 Thread 0x000001bf8b6d1400 Thread exited: 0x000001bf8b6d1400


Dynamic libraries:
0x00007ff7cf540000 - 0x00007ff7cf54e000 	c:\Users\ESTUDIANTES\.vscode\extensions\redhat.java-1.56.0-win32-x64\jre\21.0.12.1-win32-x86_64\bin\java.exe
0x00007fff39420000 - 0x00007fff39686000 	C:\WINDOWS\SYSTEM32\ntdll.dll
0x00007fff39310000 - 0x00007fff393d9000 	C:\WINDOWS\System32\KERNEL32.DLL
0x00007fff36b80000 - 0x00007fff36f7e000 	C:\WINDOWS\System32\KERNELBASE.dll
0x00007fff32520000 - 0x00007fff325c0000 	C:\WINDOWS\SYSTEM32\apphelp.dll
0x00007fff367b0000 - 0x00007fff368fc000 	C:\WINDOWS\System32\ucrtbase.dll
0x00007fff15a50000 - 0x00007fff15a68000 	c:\Users\ESTUDIANTES\.vscode\extensions\redhat.java-1.56.0-win32-x64\jre\21.0.12.1-win32-x86_64\bin\jli.dll
0x00007fff144d0000 - 0x00007fff144ee000 	c:\Users\ESTUDIANTES\.vscode\extensions\redhat.java-1.56.0-win32-x64\jre\21.0.12.1-win32-x86_64\bin\VCRUNTIME140.dll
0x00007fff37ce0000 - 0x00007fff37ea7000 	C:\WINDOWS\System32\USER32.dll
0x00007fff0cba0000 - 0x00007fff0ce32000 	C:\WINDOWS\WinSxS\amd64_microsoft.windows.common-controls_6595b64144ccf1df_6.0.26100.8894_none_3e0f749ee32e02ea\COMCTL32.dll
0x00007fff36a90000 - 0x00007fff36ab7000 	C:\WINDOWS\System32\win32u.dll
0x00007fff37660000 - 0x00007fff37709000 	C:\WINDOWS\System32\msvcrt.dll
0x00007fff37210000 - 0x00007fff3723b000 	C:\WINDOWS\System32\GDI32.dll
0x00007fff36f90000 - 0x00007fff370ba000 	C:\WINDOWS\System32\gdi32full.dll
0x00007fff36700000 - 0x00007fff367a3000 	C:\WINDOWS\System32\msvcp_win.dll
0x00007fff392d0000 - 0x00007fff39302000 	C:\WINDOWS\System32\IMM32.DLL
0x00007fff31020000 - 0x00007fff3102c000 	c:\Users\ESTUDIANTES\.vscode\extensions\redhat.java-1.56.0-win32-x64\jre\21.0.12.1-win32-x86_64\bin\vcruntime140_1.dll
0x00007fff0a1c0000 - 0x00007fff0a24d000 	c:\Users\ESTUDIANTES\.vscode\extensions\redhat.java-1.56.0-win32-x64\jre\21.0.12.1-win32-x86_64\bin\msvcp140.dll
0x00007ffe96ea0000 - 0x00007ffe97c42000 	c:\Users\ESTUDIANTES\.vscode\extensions\redhat.java-1.56.0-win32-x64\jre\21.0.12.1-win32-x86_64\bin\server\jvm.dll
0x00007fff386b0000 - 0x00007fff38767000 	C:\WINDOWS\System32\ADVAPI32.dll
0x00007fff39040000 - 0x00007fff390ea000 	C:\WINDOWS\System32\sechost.dll
0x00007fff37710000 - 0x00007fff37828000 	C:\WINDOWS\System32\RPCRT4.dll
0x00007fff373b0000 - 0x00007fff37430000 	C:\WINDOWS\System32\WS2_32.dll
0x00007fff262a0000 - 0x00007fff262ab000 	C:\WINDOWS\SYSTEM32\VERSION.dll
0x00007fff2c4d0000 - 0x00007fff2c506000 	C:\WINDOWS\SYSTEM32\WINMM.dll
0x00007fff364c0000 - 0x00007fff3651e000 	C:\WINDOWS\SYSTEM32\POWRPROF.dll
0x00007fff364a0000 - 0x00007fff364b4000 	C:\WINDOWS\SYSTEM32\UMPDC.dll
0x00007fff352e0000 - 0x00007fff352fb000 	C:\WINDOWS\SYSTEM32\kernel.appcore.dll
0x00007fff2c160000 - 0x00007fff2c16a000 	c:\Users\ESTUDIANTES\.vscode\extensions\redhat.java-1.56.0-win32-x64\jre\21.0.12.1-win32-x86_64\bin\jimage.dll
0x00007fff33840000 - 0x00007fff33a82000 	C:\WINDOWS\SYSTEM32\DBGHELP.DLL
0x00007fff37830000 - 0x00007fff37bb3000 	C:\WINDOWS\System32\combase.dll
0x00007fff38770000 - 0x00007fff38849000 	C:\WINDOWS\System32\OLEAUT32.dll
0x00007fff0c640000 - 0x00007fff0c67b000 	C:\WINDOWS\SYSTEM32\dbgcore.DLL
0x00007fff36640000 - 0x00007fff366ec000 	C:\WINDOWS\System32\bcryptPrimitives.dll
0x00007fff24c10000 - 0x00007fff24c1f000 	c:\Users\ESTUDIANTES\.vscode\extensions\redhat.java-1.56.0-win32-x64\jre\21.0.12.1-win32-x86_64\bin\instrument.dll
0x00007fff13450000 - 0x00007fff13470000 	c:\Users\ESTUDIANTES\.vscode\extensions\redhat.java-1.56.0-win32-x64\jre\21.0.12.1-win32-x86_64\bin\java.dll
0x00007fff37eb0000 - 0x00007fff38642000 	C:\WINDOWS\System32\SHELL32.dll
0x00007fff340a0000 - 0x00007fff34932000 	C:\WINDOWS\SYSTEM32\windows.storage.dll
0x00007fff37440000 - 0x00007fff37537000 	C:\WINDOWS\System32\SHCORE.dll
0x00007fff37bc0000 - 0x00007fff37c27000 	C:\WINDOWS\System32\shlwapi.dll
0x00007fff36560000 - 0x00007fff36589000 	C:\WINDOWS\SYSTEM32\profapi.dll
0x00007fff0f540000 - 0x00007fff0f558000 	c:\Users\ESTUDIANTES\.vscode\extensions\redhat.java-1.56.0-win32-x64\jre\21.0.12.1-win32-x86_64\bin\zip.dll
0x00007fff1c2c0000 - 0x00007fff1c2d0000 	C:\Users\ESTUDIANTES\.vscode\extensions\redhat.java-1.56.0-win32-x64\jre\21.0.12.1-win32-x86_64\bin\net.dll
0x00007fff300f0000 - 0x00007fff30217000 	C:\WINDOWS\SYSTEM32\WINHTTP.dll
0x00007fff35870000 - 0x00007fff358dc000 	C:\WINDOWS\system32\mswsock.dll
0x00007fff07a70000 - 0x00007fff07a86000 	C:\Users\ESTUDIANTES\.vscode\extensions\redhat.java-1.56.0-win32-x64\jre\21.0.12.1-win32-x86_64\bin\nio.dll
0x00007fff154f0000 - 0x00007fff15500000 	c:\Users\ESTUDIANTES\.vscode\extensions\redhat.java-1.56.0-win32-x64\jre\21.0.12.1-win32-x86_64\bin\verify.dll
0x00007fff07b00000 - 0x00007fff07b45000 	C:\Users\ESTUDIANTES\AppData\Roaming\Code\User\globalStorage\redhat.java\1.56.0\config_win\org.eclipse.equinox.launcher\org.eclipse.equinox.launcher.win32.win32.x86_64_1.3.100.v20260804-1928\eclipse_11924.dll
0x00007fff38850000 - 0x00007fff389e9000 	C:\WINDOWS\System32\ole32.dll
0x00007fff35ca0000 - 0x00007fff35cbb000 	C:\WINDOWS\SYSTEM32\CRYPTSP.dll
0x00007fff35240000 - 0x00007fff35279000 	C:\WINDOWS\system32\rsaenh.dll
0x00007fff35930000 - 0x00007fff35962000 	C:\WINDOWS\SYSTEM32\USERENV.dll
0x00007fff36530000 - 0x00007fff3655a000 	C:\WINDOWS\SYSTEM32\bcrypt.dll
0x00007fff35c70000 - 0x00007fff35c7c000 	C:\WINDOWS\SYSTEM32\CRYPTBASE.dll
0x00007fff34c90000 - 0x00007fff34cc3000 	C:\WINDOWS\SYSTEM32\IPHLPAPI.DLL
0x00007fff38fa0000 - 0x00007fff38faa000 	C:\WINDOWS\System32\NSI.dll
0x00007fff06920000 - 0x00007fff06969000 	C:\Users\ESTUDIANTES\AppData\Local\Temp\jna-119431361\jna11099090009726873799.dll
0x00007fff38f90000 - 0x00007fff38f98000 	C:\WINDOWS\System32\PSAPI.DLL
0x00007fff30300000 - 0x00007fff3031d000 	C:\WINDOWS\SYSTEM32\dhcpcsvc6.DLL
0x00007fff30270000 - 0x00007fff30295000 	C:\WINDOWS\SYSTEM32\dhcpcsvc.DLL

JVMTI agents:
c:\Users\ESTUDIANTES\.vscode\extensions\redhat.java-1.56.0-win32-x64\lombok\lombok-1.18.39-4050.jar path:c:\Users\ESTUDIANTES\.vscode\extensions\redhat.java-1.56.0-win32-x64\jre\21.0.12.1-win32-x86_64\bin\instrument.dll, loaded, initialized, instrumentlib options:none

dbghelp: loaded successfully - version: 4.0.5 - missing functions: none
symbol engine: initialized successfully - sym options: 0x614 - pdb path: .;c:\Users\ESTUDIANTES\.vscode\extensions\redhat.java-1.56.0-win32-x64\jre\21.0.12.1-win32-x86_64\bin;C:\WINDOWS\SYSTEM32;C:\WINDOWS\WinSxS\amd64_microsoft.windows.common-controls_6595b64144ccf1df_6.0.26100.8894_none_3e0f749ee32e02ea;c:\Users\ESTUDIANTES\.vscode\extensions\redhat.java-1.56.0-win32-x64\jre\21.0.12.1-win32-x86_64\bin\server;C:\Users\ESTUDIANTES\AppData\Roaming\Code\User\globalStorage\redhat.java\1.56.0\config_win\org.eclipse.equinox.launcher\org.eclipse.equinox.launcher.win32.win32.x86_64_1.3.100.v20260804-1928;C:\Users\ESTUDIANTES\AppData\Local\Temp\jna-119431361

VM Arguments:
jvm_args: --add-modules=ALL-SYSTEM --add-opens=java.base/java.util=ALL-UNNAMED --add-opens=java.base/java.lang=ALL-UNNAMED --add-opens=java.base/sun.nio.fs=ALL-UNNAMED -Declipse.application=org.eclipse.jdt.ls.core.id1 -Dosgi.bundles.defaultStartLevel=4 -Declipse.product=org.eclipse.jdt.ls.core.product -Djava.import.generatesMetadataFilesAtProjectRoot=false -Dm2e.project.cache.size=50 -DDetectVMInstallationsJob.disabled=true -Dfile.encoding=utf8 -XX:+UseParallelGC -XX:GCTimeRatio=4 -XX:AdaptiveSizePolicyWeight=90 -Dsun.zip.disableMemoryMapping=true -Xmx2G -Xms100m -Xlog:disable -javaagent:c:\Users\ESTUDIANTES\.vscode\extensions\redhat.java-1.56.0-win32-x64\lombok\lombok-1.18.39-4050.jar -XX:+HeapDumpOnOutOfMemoryError -XX:HeapDumpPath=c:\Users\ESTUDIANTES\AppData\Roaming\Code\User\workspaceStorage\2c21bb12404b02a4ec6412a8272d3cb1\redhat.java -Daether.dependencyCollector.impl=bf 
java_command: c:\Users\ESTUDIANTES\.vscode\extensions\redhat.java-1.56.0-win32-x64\server\plugins\org.eclipse.equinox.launcher_1.8.0.v20260804-1928.jar -configuration c:\Users\ESTUDIANTES\AppData\Roaming\Code\User\globalStorage\redhat.java\1.56.0\config_win -data c:\Users\ESTUDIANTES\AppData\Roaming\Code\User\workspaceStorage\2c21bb12404b02a4ec6412a8272d3cb1\redhat.java\jdt_ws --pipe=\\.\pipe\lsp-3a5a1e5b1639fc643fc0f90a18088bd8-sock
java_class_path (initial): c:\Users\ESTUDIANTES\.vscode\extensions\redhat.java-1.56.0-win32-x64\server\plugins\org.eclipse.equinox.launcher_1.8.0.v20260804-1928.jar
Launcher Type: SUN_STANDARD

[Global flags]
    uintx AdaptiveSizePolicyWeight                 = 90                                        {product} {command line}
     intx CICompilerCount                          = 12                                        {product} {ergonomic}
    uintx GCTimeRatio                              = 4                                         {product} {command line}
     bool HeapDumpOnOutOfMemoryError               = true                                   {manageable} {command line}
    ccstr HeapDumpPath                             = c:\Users\ESTUDIANTES\AppData\Roaming\Code\User\workspaceStorage\2c21bb12404b02a4ec6412a8272d3cb1\redhat.java         {manageable} {command line}
   size_t InitialHeapSize                          = 104857600                                 {product} {command line}
   size_t MaxHeapSize                              = 2147483648                                {product} {command line}
   size_t MaxNewSize                               = 715653120                                 {product} {ergonomic}
   size_t MinHeapDeltaBytes                        = 524288                                    {product} {ergonomic}
   size_t MinHeapSize                              = 104857600                                 {product} {command line}
   size_t NewSize                                  = 34603008                                  {product} {ergonomic}
    uintx NonNMethodCodeHeapSize                   = 7602480                                {pd product} {ergonomic}
    uintx NonProfiledCodeHeapSize                  = 122027880                              {pd product} {ergonomic}
   size_t OldSize                                  = 70254592                                  {product} {ergonomic}
    uintx ProfiledCodeHeapSize                     = 122027880                              {pd product} {ergonomic}
    uintx ReservedCodeCacheSize                    = 251658240                              {pd product} {ergonomic}
     bool SegmentedCodeCache                       = true                                      {product} {ergonomic}
   size_t SoftMaxHeapSize                          = 2147483648                             {manageable} {ergonomic}
     bool UseCompressedOops                        = true                           {product lp64_product} {ergonomic}
     bool UseLargePagesIndividualAllocation        = false                                  {pd product} {ergonomic}
     bool UseParallelGC                            = true                                      {product} {command line}

Logging:
Log output configuration:
 #0: stdout all=off uptime,level,tags foldmultilines=false
 #1: stderr all=off uptime,level,tags foldmultilines=false

Release file:
JAVA_VERSION="21.0.12.1" 
MODULES="java.base java.compiler java.datatransfer java.xml java.prefs java.desktop java.instrument java.logging java.management java.security.sasl java.naming java.rmi java.management.rmi java.net.http java.scripting java.security.jgss java.transaction.xa java.sql java.sql.rowset java.xml.crypto java.se java.smartcardio jdk.accessibility jdk.internal.jvmstat jdk.attach jdk.charsets jdk.internal.opt jdk.zipfs jdk.compiler jdk.crypto.ec jdk.crypto.cryptoki jdk.crypto.mscapi jdk.dynalink jdk.internal.ed jdk.editpad jdk.hotspot.agent jdk.httpserver jdk.internal.le jdk.internal.vm.ci jdk.internal.vm.compiler jdk.internal.vm.compiler.management jdk.jartool jdk.javadoc jdk.jcmd jdk.management jdk.management.agent jdk.jconsole jdk.jdeps jdk.jdwp.agent jdk.jdi jdk.jfr jdk.jshell jdk.jsobject jdk.jstatd jdk.localedata jdk.management.jfr jdk.naming.dns jdk.naming.rmi jdk.net jdk.nio.mapmode jdk.random jdk.sctp jdk.security.auth jdk.security.jgss jdk.unsupported jdk.unsupported.desktop jdk.xml.dom" 

Environment Variables:
JAVA_HOME=C:\Program Files\BellSoft\LibericaJDK-23\
PATH=C:\Program Files\Microsoft MPI\Bin\;C:\Program Files\BellSoft\LibericaJDK-23\bin\;C:\Program Files\Eclipse Adoptium\jdk-17.0.19.10-hotspot\bin;C:\Program Files\Common Files\Oracle\Java\javapath;C:\Program Files (x86)\Common Files\Oracle\Java\java8path;C:\Program Files (x86)\Common Files\Oracle\Java\javapath;C:\WINDOWS\system32;C:\WINDOWS;C:\WINDOWS\System32\Wbem;C:\WINDOWS\System32\WindowsPowerShell\v1.0\;C:\WINDOWS\System32\OpenSSH\;C:\JupyterLab;C:\Program Files\nodejs\;C:\Program Files\Git\cmd;C:\Program Files\Vagrant\bin;C:\Program Files (x86)\Microsoft SQL Server\170\Tools\Binn\;C:\Program Files\Microsoft SQL Server\170\Tools\Binn\;C:\Program Files\Microsoft SQL Server\Client SDK\ODBC\180\Tools\Binn\;C:\Program Files\Microsoft SQL Server\170\DTS\Binn\;C:\Program Files (x86)\Microsoft SQL Server\170\DTS\Binn\;C:\Program Files\dotnet\;C:\Users\ESTUDIANTES\AppData\Local\Programs\Python\Python314\Scripts\;C:\Users\ESTUDIANTES\AppData\Local\Programs\Python\Python314\;C:\Users\ESTUDIANTES\AppData\Local\Programs\Python\Launcher\;C:\Users\ESTUDIANTES\AppData\Local\Microsoft\WindowsApps;C:\Users\ESTUDIANTES\AppData\Local\Microsoft\WinGet\Packages\EclipseFoundation.Eclipse.Java_Microsoft.Winget.Source_8wekyb3d8bbwe\eclipse;C:\Users\ESTUDIANTES\AppData\Local\Programs\Microsoft VS Code\bin;C:\Users\ESTUDIANTES\AppData\Roaming\npm;C:\Users\ESTUDIANTES\AppData\Local\GitHubDesktop\bin;C:\Users\ESTUDIANTES\AppData\Local\Programs\cursor\resources\app\bin;C:\Users\ESTUDIANTES\AppData\Local\Microsoft\WinGet\Links;C:\Users\ESTUDIANTES\.dotnet\tools
USERNAME=ESTUDIANTES
OS=Windows_NT
PROCESSOR_IDENTIFIER=Intel64 Family 6 Model 151 Stepping 2, GenuineIntel
TMP=C:\Users\ESTUDI~1\AppData\Local\Temp
TEMP=C:\Users\ESTUDI~1\AppData\Local\Temp




Periodic native trim disabled

---------------  S Y S T E M  ---------------

OS:
 Windows 11 , 64 bit Build 26100 (10.0.26100.8875)
OS uptime: 0 days 6:15 hours
Hyper-V role detected

CPU: total 20 (initial active 20) (10 cores per cpu, 2 threads per core) family 6 model 151 stepping 2 microcode 0x3e, cx8, cmov, fxsr, ht, mmx, 3dnowpref, sse, sse2, sse3, ssse3, sse4.1, sse4.2, popcnt, lzcnt, tsc, tscinvbit, avx, avx2, aes, erms, clmul, bmi1, bmi2, adx, sha, fma, vzeroupper, clflush, clflushopt, clwb, hv, serialize, rdtscp, rdpid, fsrm, f16c, cet_ibt, cet_ss
Processor Information for the first 20 processors :
  Max Mhz: 2100, Current Mhz: 2100, Mhz Limit: 2100

Memory: 4k page, system-wide physical 16053M (2711M free)
TotalPageFile size 16053M (AvailPageFile size 217M)
current process WorkingSet (physical memory assigned to process): 318M, peak: 318M
current process commit charge ("private bytes"): 427M, peak: 427M

vm_info: OpenJDK 64-Bit Server VM (21.0.12.1+1-LTS) for windows-amd64 JRE (21.0.12.1+1-LTS), built on 2026-08-18T00:00:00Z by "admin" with MS VC++ 17.12 (VS2022)

END.
