#
# There is insufficient memory for the Java Runtime Environment to continue.
# Native memory allocation (mmap) failed to map 4128768 bytes. Error detail: G1 virtual space
# Possible reasons:
#   The system is out of physical RAM or swap space
#   This process is running with CompressedOops enabled, and the Java Heap may be blocking the growth of the native heap
# Possible solutions:
#   Reduce memory load on the system
#   Increase physical memory or swap space
#   Check if swap backing store is full
#   Decrease Java heap size (-Xmx/-Xms)
#   Decrease number of Java threads
#   Decrease Java thread stack sizes (-Xss)
#   Set larger code cache with -XX:ReservedCodeCacheSize=
#   JVM is running with Zero Based Compressed Oops mode in which the Java heap is
#     placed in the first 32GB address space. The Java Heap base address is the
#     maximum limit for the native heap growth. Please use -XX:HeapBaseMinAddress
#     to set the Java Heap base and to place the Java Heap above 32GB virtual address.
# This output file may be truncated or incomplete.
#
#  Out of Memory Error (os_windows.cpp:3707), pid=9156, tid=20508
#
# JRE version:  (23.0.2+9) (build )
# Java VM: OpenJDK 64-Bit Server VM (23.0.2+9, mixed mode, sharing, tiered, compressed oops, compressed class ptrs, g1 gc, windows-amd64)
# No core dump will be written. Minidumps are not enabled by default on client versions of Windows
#

---------------  S U M M A R Y ------------

Command Line: -javaagent:C:\Users\ESTUDIANTES\AppData\Local\JetBrains\IntelliJIdea2025.3\captureAgent\debugger-agent.jar=file:///C:/Users/ESTUDI~1/AppData/Local/Temp/capture13531562302135120025.props -ea -Didea.test.cyclic.buffer.size=1048576 -javaagent:C:\Program Files\JetBrains\IntelliJ IDEA Community Edition 2025.2.6.2\lib\idea_rt.jar=54933 -Dkotlinx.coroutines.debug.enable.creation.stack.trace=false -Ddebugger.agent.enable.coroutines=true -Dkotlinx.coroutines.debug.enable.flows.stack.trace=true -Dkotlinx.coroutines.debug.enable.mutable.state.flows.stack.trace=true -Ddebugger.async.stack.trace.for.all.threads=true -Dfile.encoding=UTF-8 -Dsun.stdout.encoding=UTF-8 -Dsun.stderr.encoding=UTF-8 com.intellij.rt.junit.JUnitStarter -ideVersion5 -junit5 com.example.librarydb.BookServiceTest.BookServiceTest,shouldReturnAllBooks

Host: 12th Gen Intel(R) Core(TM) i7-12700, 20 cores, 15G,  Windows 11 , 64 bit Build 26100 (10.0.26100.8875)
Time: Fri Sep 18 15:21:00 2026 Hora est. Pacífico, Sudamérica elapsed time: 2.027618 seconds (0d 0h 0m 2s)

---------------  T H R E A D  ---------------

Current thread (0x0000014003871730):  JavaThread "Unknown thread" [_thread_in_vm, id=20508, stack(0x00000020f3f00000,0x00000020f4000000) (1024K)]

Stack: [0x00000020f3f00000,0x00000020f4000000]
Native frames: (J=compiled Java code, j=interpreted, Vv=VM code, C=native code)
V  [jvm.dll+0x6ef969]  (no source info available)
V  [jvm.dll+0x8e08c3]  (no source info available)
V  [jvm.dll+0x8e2b8e]  (no source info available)
V  [jvm.dll+0x8e3273]  (no source info available)
V  [jvm.dll+0x2858e6]  (no source info available)
V  [jvm.dll+0x6ec1a5]  (no source info available)
V  [jvm.dll+0x6dfe1a]  (no source info available)
V  [jvm.dll+0x367b5a]  (no source info available)
V  [jvm.dll+0x36ff96]  (no source info available)
V  [jvm.dll+0x35c513]  (no source info available)
V  [jvm.dll+0x35c798]  (no source info available)
V  [jvm.dll+0x33488c]  (no source info available)
V  [jvm.dll+0x33552e]  (no source info available)
V  [jvm.dll+0x8a6235]  (no source info available)
V  [jvm.dll+0x3c5bc8]  (no source info available)
V  [jvm.dll+0x88ec6c]  (no source info available)
V  [jvm.dll+0x45fc5e]  (no source info available)
V  [jvm.dll+0x461bb1]  (no source info available)
C  [jli.dll+0x52a3]  (no source info available)
C  [ucrtbase.dll+0x2cd30]  (no source info available)
C  [KERNEL32.DLL+0x2e957]  (no source info available)
C  [ntdll.dll+0xaad6c]  (no source info available)

Lock stack of current Java thread (top to bottom):


---------------  P R O C E S S  ---------------

Threads class SMR info:
_java_thread_list=0x00007ffd001797e0, length=0, elements={
}

Java Threads: ( => current thread )
Total: 0

Other Threads:
  0x00000140038d90d0 WorkerThread "GC Thread#0"                     [id=18716, stack(0x00000020f4000000,0x00000020f4100000) (1024K)]
  0x00000140038ed9b0 ConcurrentGCThread "G1 Main Marker"            [id=16668, stack(0x00000020f4100000,0x00000020f4200000) (1024K)]
  0x00000140038ee780 WorkerThread "G1 Conc#0"                       [id=14472, stack(0x00000020f4200000,0x00000020f4300000) (1024K)]

[error occurred during error reporting (printing all threads), id 0xc0000005, EXCEPTION_ACCESS_VIOLATION (0xc0000005) at pc=0x00007ffcff8489ca]
VM state: not at safepoint (not fully initialized)

VM Mutex/Monitor currently owned by a thread:  ([mutex/lock_event])
[0x00007ffd001fe0d8] Heap_lock - owner thread: 0x0000014003871730

Heap address: 0x0000000705200000, size: 4014 MB, Compressed Oops mode: Zero based, Oop shift amount: 3

CDS archive(s) mapped at: [0x0000000000000000-0x0000000000000000-0x0000000000000000), size 0, SharedBaseAddress: 0x0000000800000000, ArchiveRelocationMode: 1.
Narrow klass base: 0x0000000000000000, Narrow klass shift: 0, Narrow klass range: 0x0

GC Precious Log:
 CardTable entry size: 512
 Card Set container configuration: InlinePtr #cards 4 size 8 Array Of Cards #cards 16 size 48 Howl #buckets 8 coarsen threshold 3686 Howl Bitmap #cards 512 size 80 coarsen threshold 460 Card regions per heap region 1 cards per card region 4096

Heap:
 garbage-first heap   total reserved 4110336K, committed 0K, used 0K [0x0000000705200000, 0x0000000800000000)
  region size 2048K, 0 young (0K), 0 survivors (0K)

[error occurred during error reporting (printing heap information), id 0xc0000005, EXCEPTION_ACCESS_VIOLATION (0xc0000005) at pc=0x00007ffcffc4bdb9]
GC Heap History (0 events):
No events

Dll operation events (2 events):
Event: 0.012 Loaded shared library C:\Program Files\BellSoft\LibericaJDK-23\bin\java.dll
Event: 0.013 Loaded shared library C:\Program Files\BellSoft\LibericaJDK-23\bin\zip.dll

Deoptimization events (0 events):
No events

Classes loaded (0 events):
No events

Classes unloaded (0 events):
No events

Classes redefined (0 events):
No events

Internal exceptions (0 events):
No events

VM Operations (0 events):
No events

Memory protections (0 events):
No events

Nmethod flushes (0 events):
No events

Events (0 events):
No events


Dynamic libraries:
0x00007ff706410000 - 0x00007ff70641e000 	C:\Program Files\BellSoft\LibericaJDK-23\bin\java.exe
0x00007ffd8bc80000 - 0x00007ffd8bee6000 	C:\WINDOWS\SYSTEM32\ntdll.dll
0x00007ffd8ac50000 - 0x00007ffd8ad19000 	C:\WINDOWS\System32\KERNEL32.DLL
0x00007ffd89360000 - 0x00007ffd8975e000 	C:\WINDOWS\System32\KERNELBASE.dll
0x00007ffd88f30000 - 0x00007ffd8907c000 	C:\WINDOWS\System32\ucrtbase.dll
0x00007ffd6dfc0000 - 0x00007ffd6dfdb000 	C:\Program Files\BellSoft\LibericaJDK-23\bin\VCRUNTIME140.dll
0x00007ffd6df30000 - 0x00007ffd6df47000 	C:\Program Files\BellSoft\LibericaJDK-23\bin\jli.dll
0x00007ffd8a400000 - 0x00007ffd8a5c7000 	C:\WINDOWS\System32\USER32.dll
0x00007ffd89090000 - 0x00007ffd890b7000 	C:\WINDOWS\System32\win32u.dll
0x00007ffd56640000 - 0x00007ffd568d2000 	C:\WINDOWS\WinSxS\amd64_microsoft.windows.common-controls_6595b64144ccf1df_6.0.26100.8894_none_3e0f749ee32e02ea\COMCTL32.dll
0x00007ffd8ad20000 - 0x00007ffd8ad4b000 	C:\WINDOWS\System32\GDI32.dll
0x00007ffd8b620000 - 0x00007ffd8b6c9000 	C:\WINDOWS\System32\msvcrt.dll
0x00007ffd89180000 - 0x00007ffd892aa000 	C:\WINDOWS\System32\gdi32full.dll
0x00007ffd892b0000 - 0x00007ffd89353000 	C:\WINDOWS\System32\msvcp_win.dll
0x00007ffd8aa40000 - 0x00007ffd8aa72000 	C:\WINDOWS\System32\IMM32.DLL
0x00007ffd6e020000 - 0x00007ffd6e02c000 	C:\Program Files\BellSoft\LibericaJDK-23\bin\vcruntime140_1.dll
0x00007ffd18c00000 - 0x00007ffd18c8e000 	C:\Program Files\BellSoft\LibericaJDK-23\bin\msvcp140.dll
0x00007ffcff500000 - 0x00007ffd002df000 	C:\Program Files\BellSoft\LibericaJDK-23\bin\server\jvm.dll
0x00007ffd8b990000 - 0x00007ffd8ba47000 	C:\WINDOWS\System32\ADVAPI32.dll
0x00007ffd8ae60000 - 0x00007ffd8af0a000 	C:\WINDOWS\System32\sechost.dll
0x00007ffd8ab20000 - 0x00007ffd8ac38000 	C:\WINDOWS\System32\RPCRT4.dll
0x00007ffd8ba50000 - 0x00007ffd8bad0000 	C:\WINDOWS\System32\WS2_32.dll
0x00007ffd88d20000 - 0x00007ffd88d7e000 	C:\WINDOWS\SYSTEM32\POWRPROF.dll
0x00007ffd78990000 - 0x00007ffd7899b000 	C:\WINDOWS\SYSTEM32\VERSION.dll
0x00007ffd7f240000 - 0x00007ffd7f276000 	C:\WINDOWS\SYSTEM32\WINMM.dll
0x00007ffd88d00000 - 0x00007ffd88d14000 	C:\WINDOWS\SYSTEM32\UMPDC.dll
0x00007ffd87b40000 - 0x00007ffd87b5b000 	C:\WINDOWS\SYSTEM32\kernel.appcore.dll
0x00007ffd6dfb0000 - 0x00007ffd6dfba000 	C:\Program Files\BellSoft\LibericaJDK-23\bin\jimage.dll
0x00007ffd860b0000 - 0x00007ffd862f2000 	C:\WINDOWS\SYSTEM32\DBGHELP.DLL
0x00007ffd8a6b0000 - 0x00007ffd8aa33000 	C:\WINDOWS\System32\combase.dll
0x00007ffd8b0b0000 - 0x00007ffd8b189000 	C:\WINDOWS\System32\OLEAUT32.dll
0x00007ffd6b880000 - 0x00007ffd6b8bb000 	C:\WINDOWS\SYSTEM32\dbgcore.DLL
0x00007ffd890c0000 - 0x00007ffd8916c000 	C:\WINDOWS\System32\bcryptPrimitives.dll
0x00007ffd63360000 - 0x00007ffd6336f000 	C:\Program Files\BellSoft\LibericaJDK-23\bin\instrument.dll
0x00007ffd6aff0000 - 0x00007ffd6b00e000 	C:\Program Files\BellSoft\LibericaJDK-23\bin\java.dll
0x00007ffd8b6d0000 - 0x00007ffd8b869000 	C:\WINDOWS\System32\ole32.dll
0x00007ffd89c60000 - 0x00007ffd8a3f2000 	C:\WINDOWS\System32\SHELL32.dll
0x00007ffd62c90000 - 0x00007ffd62ca7000 	C:\Program Files\BellSoft\LibericaJDK-23\bin\zip.dll

dbghelp: loaded successfully - version: 4.0.5 - missing functions: none
symbol engine: initialized successfully - sym options: 0x614 - pdb path: .;C:\Program Files\BellSoft\LibericaJDK-23\bin;C:\WINDOWS\SYSTEM32;C:\WINDOWS\WinSxS\amd64_microsoft.windows.common-controls_6595b64144ccf1df_6.0.26100.8894_none_3e0f749ee32e02ea;C:\Program Files\BellSoft\LibericaJDK-23\bin\server

VM Arguments:
jvm_args: -javaagent:C:\Users\ESTUDIANTES\AppData\Local\JetBrains\IntelliJIdea2025.3\captureAgent\debugger-agent.jar=file:///C:/Users/ESTUDI~1/AppData/Local/Temp/capture13531562302135120025.props -ea -Didea.test.cyclic.buffer.size=1048576 -javaagent:C:\Program Files\JetBrains\IntelliJ IDEA Community Edition 2025.2.6.2\lib\idea_rt.jar=54933 -Dkotlinx.coroutines.debug.enable.creation.stack.trace=false -Ddebugger.agent.enable.coroutines=true -Dkotlinx.coroutines.debug.enable.flows.stack.trace=true -Dkotlinx.coroutines.debug.enable.mutable.state.flows.stack.trace=true -Ddebugger.async.stack.trace.for.all.threads=true -Dfile.encoding=UTF-8 -Dsun.stdout.encoding=UTF-8 -Dsun.stderr.encoding=UTF-8 
java_command: com.intellij.rt.junit.JUnitStarter -ideVersion5 -junit5 com.example.librarydb.BookServiceTest.BookServiceTest,shouldReturnAllBooks
java_class_path (initial): C:\Users\ESTUDIANTES\.m2\repository\org\junit\platform\junit-platform-launcher\1.10.1\junit-platform-launcher-1.10.1.jar;C:\Program Files\JetBrains\IntelliJ IDEA Community Edition 2025.2.6.2\lib\idea_rt.jar;C:\Program Files\JetBrains\IntelliJ IDEA Community Edition 2025.2.6.2\plugins\junit\lib\junit6-rt.jar;C:\Program Files\JetBrains\IntelliJ IDEA Community Edition 2025.2.6.2\plugins\junit\lib\junit5-rt.jar;C:\Program Files\JetBrains\IntelliJ IDEA Community Edition 2025.2.6.2\plugins\junit\lib\junit-rt.jar;C:\Users\ESTUDIANTES\Downloads\librarydb\target\test-classes;C:\Users\ESTUDIANTES\Downloads\librarydb\target\classes;C:\Users\ESTUDIANTES\.m2\repository\org\springframework\boot\spring-boot-starter-actuator\3.2.0\spring-boot-starter-actuator-3.2.0.jar;C:\Users\ESTUDIANTES\.m2\repository\org\springframework\boot\spring-boot-starter\3.2.0\spring-boot-starter-3.2.0.jar;C:\Users\ESTUDIANTES\.m2\repository\org\springframework\boot\spring-boot\3.2.0\spring-boot-3.2.0.jar;C:\Users\ESTUDIANTES\.m2\repository\org\springframework\boot\spring-boot-autoconfigure\3.2.0\spring-boot-autoconfigure-3.2.0.jar;C:\Users\ESTUDIANTES\.m2\repository\org\springframework\boot\spring-boot-starter-logging\3.2.0\spring-boot-starter-logging-3.2.0.jar;C:\Users\ESTUDIANTES\.m2\repository\ch\qos\logback\logback-classic\1.4.11\logback-classic-1.4.11.jar;C:\Users\ESTUDIANTES\.m2\repository\ch\qos\logback\logback-core\1.4.11\logback-core-1.4.11.jar;C:\Users\ESTUDIANTES\.m2\repository\org\apache\logging\log4j\log4j-to-slf4j\2.21.1\log4j-to-slf4j-2.21.1.jar;C:\Users\ESTUDIANTES\.m2\repository\org\apache\logging\log4j\log4j-api\2.21.1\log4j-api-2.21.1.jar;C:\Users\ESTUDIANTES\.m2\repository\org\slf4j\jul-to-slf4j\2.0.9\jul-to-slf4j-2.0.9.jar;C:\Users\ESTUDIANTES\.m2\repository\jakarta\annotation\jakarta.annotation-api\2.1.1\jakarta.annotation-api-2.1.1.jar;C:\Users\ESTUDIANTES\.m2\repository\org\yaml\snakeyaml\2.2\snakeyaml-2.2.jar;C:\Users\ESTUDIANTES\.m2\repository\org\springframework\boot\spring-boot-actuator-autoconfigure\3.2.0\spring-boot-actuator-autoconfigure-3.2.0.jar;C:\Users\ESTUDIANTES\.m2\repository\org\springframework\boot\spring-boot-actuator\3.2.0\spring-boot-actuator-3.2.0.jar;C:\Users\ESTUDIANTES\.m2\repository\com\fasterxml\jackson\core\jackson-databind\2.15.3\jackson-databind-2.15.3.jar;C:\Users\ESTUDIANTES\.m2\repository\com\fasterxml\jackson\core\jackson-annotations\2.15.3\jackson-annotations-2.15.3.jar;C:\Users\ESTUDIANTES\.m2\repository\com\fasterxml\jackson\core\jackson-core\2.15.3\jackson-core-2.15.3.jar;C:\Users\ESTUDIANTES\.m2\repository\com\fasterxml\jackson\datatype\jackson-datatype-jsr310\2.15.3\jackson-datatype-jsr310-2.15.3.jar;C:\Users\ESTUDIANTES\.m2\repository\io\micrometer\micrometer-observation\1.12.0\micrometer-observation-1.12.0.jar;C:\Users\ESTUDIANTES\.m2\repository\io\micrometer\micrometer-commons\1.12.0\micrometer-commons-1.12.0.jar;C:\Users\ESTUDIANTES\.m2\repository\io\micrometer\micrometer-jakarta9\1.12.0\micrometer-jakarta9-1.12.0.jar;C:\Users\ESTUDIANTES\.m2\repository\io\micrometer\micrometer-core\1.12.0\micrometer-core-1.12.0.jar;C:\Users\ESTUDIANTES\.m2\repository\org\hdrhistogram\HdrHistogram\2.1.12\HdrHistogram-2.1.12.jar;C:\Users\ESTUDIANTES\.m2\repository\org\latencyutils\LatencyUtils\2.0.3\LatencyUtils-2.0.3.jar;C:\Users\ESTUDIANTES\.m2\repository\org\springframework\boot\spring-boot-starter-web\3.2.0\spring-boot-starter-web-3.2.0.jar;C:\Users\ESTUDIANTES\.m2\repository\org\springframework\boot\spring-boot-starter-json\3.2.0\spring-boot-starter-json-3.2.0.jar;C:\Users\ESTUDIANTES\.m2\repository\com\fasterxml\jackson\datatype\jackson-datatype-jdk8\2.15.3\jackson-datatype-jdk8-2.15.3.jar;C:\Users\ESTUDIANTES\.m2\repository\com\fasterxml\jackson\module\jackson-module-parameter-names\2.15.3\jackson-module-parameter-names-2.15.3.jar;C:\Users\ESTUDIANTES\.m2\repository\org\springframework\boot\spring-boot-starter-tomcat\3.2.0\spring-boot-starter-tomcat-3.2.0.jar;C:\Users\ESTUDIANTES\.m2\repository\org\apache\tomcat\embed\tomcat-embed-core\10.1.16\tomcat-embed-core-10.1.16.jar;C:\Users\ESTUDIANTES\.m2\repository\org\apache\tomcat\embed\tomcat-embed-websocket\10.1.16\tomcat-embed-websocket-10.1.16.jar;C:\Users\ESTUDIANTES\.m2\repository\org\springframework\spring-web\6.1.1\spring-web-6.1.1.jar;C:\Users\ESTUDIANTES\.m2\repository\org\springframework\spring-beans\6.1.1\spring-beans-6.1.1.jar;C:\Users\ESTUDIANTES\.m2\repository\org\springframework\spring-webmvc\6.1.1\spring-webmvc-6.1.1.jar;C:\Users\ESTUDIANTES\.m2\repository\org\springframework\spring-aop\6.1.1\spring-aop-6.1.1.jar;C:\Users\ESTUDIANTES\.m2\repository\org\springframework\spring-context\6.1.1\spring-context-6.1.1.jar;C:\Users\ESTUDIANTES\.m2\repository\org\springframework\spring-expression\6.1.1\spring-expression-6.1.1.jar;C:\Users\ESTUDIANTES\.m2\repository\org\springframework\boot\spring-boot-starter-data-mongodb\3.2.0\spring-boot-starter-data-mongodb-3.2.0.jar;C:\Users\ESTUDIANTES\.m2\repository\org\mongodb\mongodb-driver-sync\4.11.1\mongodb-driver-sync-4.11.1.jar;C:\Users\ESTUDIANTES\.m2\repository\org\mongodb\bson\4.11.1\bson-4.11.1.jar;C:\Users\ESTUDIANTES\.m2\repository\org\mongodb\mongodb-driver-core\4.11.1\mongodb-driver-core-4.11.1.jar;C:\Users\ESTUDIANTES\.m2\repository\org\mongodb\bson-record-codec\4.11.1\bson-record-codec-4.11.1.jar;C:\Users\ESTUDIANTES\.m2\repository\org\springframework\data\spring-data-mongodb\4.2.0\spring-data-mongodb-4.2.0.jar;C:\Users\ESTUDIANTES\.m2\repository\org\springframework\spring-tx\6.1.1\spring-tx-6.1.1.jar;C:\Users\ESTUDIANTES\.m2\repository\org\springframework\data\spring-data-commons\3.2.0\spring-data-commons-3.2.0.jar;C:\Users\ESTUDIANTES\.m2\repository\org\slf4j\slf4j-api\2.0.9\slf4j-api-2.0.9.jar;C:\Users\ESTUDIANTES\.m2\repository\org\springframework\boot\spring-boot-starter-validation\3.2.0\spring-boot-starter-validation-3.2.0.jar;C:\Users\ESTUDIANTES\.m2\repository\org\apache\tomcat\embed\tomcat-embed-el\10.1.16\tomcat-embed-el-10.1.16.jar;C:\Users\ESTUDIANTES\.m2\repository\org\hibernate\validator\hibernate-validator\8.0.1.Final\hibernate-validator-8.0.1.Final.jar;C:\Users\ESTUDIANTES\.m2\repository\jakarta\validation\jakarta.validation-api\3.0.2\jakarta.validation-api-3.0.2.jar;C:\Users\ESTUDIANTES\.m2\repository\org\jboss\logging\jboss-logging\3.5.3.Final\jboss-logging-3.5.3.Final.jar;C:\Users\ESTUDIANTES\.m2\repository\com\fasterxml\classmate\1.6.0\classmate-1.6.0.jar;C:\Users\ESTUDIANTES\.m2\repository\org\springframework\boot\spring-boot-starter-test\3.2.0\spring-boot-starter-test-3.2.0.jar;C:\Users\ESTUDIANTES\.m2\repository\org\springframework\boot\spring-boot-test\3.2.0\spring-boot-test-3.2.0.jar;C:\Users\ESTUDIANTES\.m2\repository\org\springframework\boot\spring-boot-test-autoconfigure\3.2.0\spring-boot-test-autoconfigure-3.2.0.jar;C:\Users\ESTUDIANTES\.m2\repository\com\jayway\jsonpath\json-path\2.8.0\json-path-2.8.0.jar;C:\Users\ESTUDIANTES\.m2\repository\jakarta\xml\bind\jakarta.xml.bind-api\4.0.1\jakarta.xml.bind-api-4.0.1.jar;C:\Users\ESTUDIANTES\.m2\repository\jakarta\activation\jakarta.activation-api\2.1.2\jakarta.activation-api-2.1.2.jar;C:\Users\ESTUDIANTES\.m2\repository\net\minidev\json-smart\2.5.0\json-smart-2.5.0.jar;C:\Users\ESTUDIANTES\.m2\repository\net\minidev\accessors-smart\2.5.0\accessors-smart-2.5.0.jar;C:\Users\ESTUDIANTES\.m2\repository\org\ow2\asm\asm\9.3\asm-9.3.jar;C:\Users\ESTUDIANTES\.m2\repository\org\assertj\assertj-core\3.24.2\assertj-core-3.24.2.jar;C:\Users\ESTUDIANTES\.m2\repository\net\bytebuddy\byte-buddy\1.14.10\byte-buddy-1.14.10.jar;C:\Users\ESTUDIANTES\.m2\repository\org\awaitility\awaitility\4.2.0\awaitility-4.2.0.jar;C:\Users\ESTUDIANTES\.m2\repository\org\hamcrest\hamcrest\2.2\hamcrest-2.2.jar;C:\Users\ESTUDIANTES\.m2\repository\org\junit\jupiter\junit-jupiter\5.10.1\junit-jupiter-5.10.1.jar;C:\Users\ESTUDIANTES\.m2\repository\org\junit\jupiter\junit-jupiter-api\5.10.1\junit-jupiter-api-5.10.1.jar;C:\Users\ESTUDIANTES\.m2\repository\org\opentest4j\opentest4j\1.3.0\opentest4j-1.3.0.jar;C:\Users\ESTUDIANTES\.m2\repository\org\junit\platform\junit-platform-commons\1.10.1\junit-platform-commons-1.10.1.jar;C:\Users\ESTUDIANTES\.m2\repository\org\apiguardian\apiguardian-api\1.1.2\apiguardian-api-1.1.2.jar;C:\Users\ESTUDIANTES\.m2\repository\org\junit\jupiter\junit-jupiter-params\5.10.1\junit-jupiter-params-5.10.1.jar;C:\Users\ESTUDIANTES\.m2\repository\org\junit\jupiter\junit-jupiter-engine\5.10.1\junit-jupiter-engine-5.10.1.jar;C:\Users\ESTUDIANTES\.m2\repository\org\junit\platform\junit-platform-engine\1.10.1\junit-platform-engine-1.10.1.jar;C:\Users\ESTUDIANTES\.m2\repository\org\mockito\mockito-core\5.7.0\mockito-core-5.7.0.jar;C:\Users\ESTUDIANTES\.m2\repository\net\bytebuddy\byte-buddy-agent\1.14.10\byte-buddy-agent-1.14.10.jar;C:\Users\ESTUDIANTES\.m2\repository\org\objenesis\objenesis\3.3\objenesis-3.3.jar;C:\Users\ESTUDIANTES\.m2\repository\org\mockito\mockito-junit-jupiter\5.7.0\mockito-junit-jupiter-5.7.0.jar;C:\Users\ESTUDIANTES\.m2\repository\org\skyscreamer\jsonassert\1.5.1\jsonassert-1.5.1.jar;C:\Users\ESTUDIANTES\.m2\repository\com\vaadin\external\google\android-json\0.0.20131108.vaadin1\android-json-0.0.20131108.vaadin1.jar;C:\Users\ESTUDIANTES\.m2\repository\org\springframework\spring-core\6.1.1\spring-core-6.1.1.jar;C:\Users\ESTUDIANTES\.m2\repository\org\springframework\spring-jcl\6.1.1\spring-jcl-6.1.1.jar;C:\Users\ESTUDIANTES\.m2\repository\org\springframework\spring-test\6.1.1\spring-test-6.1.1.jar;C:\Users\ESTUDIANTES\.m2\repository\org\xmlunit\xmlunit-core\2.9.1\xmlunit-core-2.9.1.jar
Launcher Type: SUN_STANDARD

[Global flags]
     intx CICompilerCount                          = 12                                        {product} {ergonomic}
     uint ConcGCThreads                            = 4                                         {product} {ergonomic}
     uint G1ConcRefinementThreads                  = 15                                        {product} {ergonomic}
   size_t G1HeapRegionSize                         = 2097152                                   {product} {ergonomic}
   size_t InitialHeapSize                          = 264241152                                 {product} {ergonomic}
   size_t MarkStackSize                            = 4194304                                   {product} {ergonomic}
   size_t MarkStackSizeMax                         = 536870912                                 {product} {ergonomic}
   size_t MaxHeapSize                              = 4208984064                                {product} {ergonomic}
   size_t MinHeapDeltaBytes                        = 2097152                                   {product} {ergonomic}
   size_t MinHeapSize                              = 8388608                                   {product} {ergonomic}
    uintx NonNMethodCodeHeapSize                   = 7602176                                {pd product} {ergonomic}
    uintx NonProfiledCodeHeapSize                  = 122093568                              {pd product} {ergonomic}
    uintx ProfiledCodeHeapSize                     = 121962496                              {pd product} {ergonomic}
    uintx ReservedCodeCacheSize                    = 251658240                              {pd product} {ergonomic}
     bool SegmentedCodeCache                       = true                                      {product} {ergonomic}
   size_t SoftMaxHeapSize                          = 4208984064                             {manageable} {ergonomic}
     bool UseCompressedOops                        = true                           {product lp64_product} {ergonomic}
     bool UseG1GC                                  = true                                      {product} {ergonomic}
     bool UseLargePagesIndividualAllocation        = false                                  {pd product} {ergonomic}

Logging:
Log output configuration:
 #0: stdout all=warning uptime,level,tags foldmultilines=false
 #1: stderr all=off uptime,level,tags foldmultilines=false

Environment Variables:
JAVA_HOME=C:\Program Files\BellSoft\LibericaJDK-23\
PATH=C:\Program Files\Microsoft MPI\Bin\;C:\Program Files\BellSoft\LibericaJDK-23\bin\;C:\Program Files\Eclipse Adoptium\jdk-17.0.19.10-hotspot\bin;C:\Program Files\Common Files\Oracle\Java\javapath;C:\Program Files (x86)\Common Files\Oracle\Java\java8path;C:\Program Files (x86)\Common Files\Oracle\Java\javapath;C:\WINDOWS\system32;C:\WINDOWS;C:\WINDOWS\System32\Wbem;C:\WINDOWS\System32\WindowsPowerShell\v1.0\;C:\WINDOWS\System32\OpenSSH\;C:\JupyterLab;C:\Program Files\nodejs\;C:\Program Files\Git\cmd;C:\Program Files\Vagrant\bin;C:\Program Files (x86)\Microsoft SQL Server\170\Tools\Binn\;C:\Program Files\Microsoft SQL Server\170\Tools\Binn\;C:\Program Files\Microsoft SQL Server\Client SDK\ODBC\180\Tools\Binn\;C:\Program Files\Microsoft SQL Server\170\DTS\Binn\;C:\Program Files (x86)\Microsoft SQL Server\170\DTS\Binn\;C:\Program Files\dotnet\;C:\Users\ESTUDIANTES\AppData\Local\Programs\Python\Python314\Scripts\;C:\Users\ESTUDIANTES\AppData\Local\Programs\Python\Python314\;C:\Users\ESTUDIANTES\AppData\Local\Programs\Python\Launcher\;C:\Users\ESTUDIANTES\AppData\Local\Microsoft\WindowsApps;C:\Users\ESTUDIANTES\AppData\Local\Microsoft\WinGet\Packages\EclipseFoundation.Eclipse.Java_Microsoft.Winget.Source_8wekyb3d8bbwe\eclipse;C:\Users\ESTUDIANTES\AppData\Local\Programs\Microsoft VS Code\bin;C:\Users\ESTUDIANTES\AppData\Roaming\npm;C:\Users\ESTUDIANTES\AppData\Local\GitHubDesktop\bin;C:\Users\ESTUDIANTES\AppData\Local\Programs\cursor\resources\app\bin;C:\Users\ESTUDIANTES\AppData\Local\Microsoft\WinGet\Links;C:\Users\ESTUDIANTES\.dotnet\tools
USERNAME=ESTUDIANTES
OS=Windows_NT
PROCESSOR_IDENTIFIER=Intel64 Family 6 Model 151 Stepping 2, GenuineIntel
TMP=C:\Users\ESTUDI~1\AppData\Local\Temp
TEMP=C:\Users\ESTUDI~1\AppData\Local\Temp




Periodic native trim disabled

---------------  S Y S T E M  ---------------

OS:
 Windows 11 , 64 bit Build 26100 (10.0.26100.8875)
OS uptime: 0 days 5:59 hours
Hyper-V role detected

CPU: total 20 (initial active 20) (10 cores per cpu, 2 threads per core) family 6 model 151 stepping 2 microcode 0x3e, cx8, cmov, fxsr, ht, mmx, 3dnowpref, sse, sse2, sse3, ssse3, sse4.1, sse4.2, popcnt, lzcnt, tsc, tscinvbit, avx, avx2, aes, erms, clmul, bmi1, bmi2, adx, sha, fma, vzeroupper, clflush, clflushopt, clwb, hv, serialize, rdtscp, rdpid, fsrm, gfni, f16c, cet_ibt, cet_ss
Processor Information for the first 20 processors :
  Max Mhz: 2100, Current Mhz: 2100, Mhz Limit: 2100

Memory: 4k page, system-wide physical 16053M (1254M free)
TotalPageFile size 16053M (AvailPageFile size 5M)
current process WorkingSet (physical memory assigned to process): 15M, peak: 15M
current process commit charge ("private bytes"): 328M, peak: 332M

vm_info: OpenJDK 64-Bit Server VM (23.0.2+9) for windows-amd64 JRE (23.0.2+9), built on 2025-01-22T11:09:48Z with MS VC++ 17.1 (VS2022)

END.
