#
# There is insufficient memory for the Java Runtime Environment to continue.
# Native memory allocation (mmap) failed to map 264241152 bytes. Error detail: G1 virtual space
# Possible reasons:
#   The system is out of physical RAM or swap space
#   This process is running with CompressedOops enabled, and the Java Heap may be blocking the growth of the native heap
# Possible solutions:
#   Reduce memory load on the system
#   Increase physical memory or swap space
#   Check if swap backing store is full
#   Decrease Java heap size (-Xmx/-Xms)
#   Decrease number of Java threads
#   Decrease Java thread stack sizes (-Xss)
#   Set larger code cache with -XX:ReservedCodeCacheSize=
#   JVM is running with Zero Based Compressed Oops mode in which the Java heap is
#     placed in the first 32GB address space. The Java Heap base address is the
#     maximum limit for the native heap growth. Please use -XX:HeapBaseMinAddress
#     to set the Java Heap base and to place the Java Heap above 32GB virtual address.
# This output file may be truncated or incomplete.
#
#  Out of Memory Error (os_windows.cpp:3707), pid=14740, tid=13148
#
# JRE version:  (23.0.2+7) (build )
# Java VM: OpenJDK 64-Bit Server VM (23.0.2+7-FR, mixed mode, sharing, tiered, compressed oops, compressed class ptrs, g1 gc, windows-amd64)
# No core dump will be written. Minidumps are not enabled by default on client versions of Windows
#

---------------  S U M M A R Y ------------

Command Line: -Dnet.bytebuddy.agent.attacher.dump= net.bytebuddy.agent.Attacher com.sun.tools.attach.VirtualMachine 4516 C:\Users\ESTUDIANTES\.m2\repository\net\bytebuddy\byte-buddy-agent\1.14.10\byte-buddy-agent-1.14.10.jar false 

Host: 12th Gen Intel(R) Core(TM) i7-12700, 20 cores, 15G,  Windows 11 , 64 bit Build 26100 (10.0.26100.8972)
Time: Wed Sep 23 14:03:19 2026 Hora est. Pacífico, Sudamérica elapsed time: 1.078899 seconds (0d 0h 0m 1s)

---------------  T H R E A D  ---------------

Current thread (0x000001749c468ca0):  JavaThread "Unknown thread" [_thread_in_vm, id=13148, stack(0x0000002ca8500000,0x0000002ca8600000) (1024K)]

Stack: [0x0000002ca8500000,0x0000002ca8600000]
Native frames: (J=compiled Java code, j=interpreted, Vv=VM code, C=native code)
V  [jvm.dll+0x6f3b69]  (no source info available)
V  [jvm.dll+0x8e5d05]  (no source info available)
V  [jvm.dll+0x8e7fbe]  (no source info available)
V  [jvm.dll+0x8e86a3]  (no source info available)
V  [jvm.dll+0x285ee6]  (no source info available)
V  [jvm.dll+0x6f03c5]  (no source info available)
V  [jvm.dll+0x6e3dba]  (no source info available)
V  [jvm.dll+0x36a35b]  (no source info available)
V  [jvm.dll+0x372796]  (no source info available)
V  [jvm.dll+0x35ee56]  (no source info available)
V  [jvm.dll+0x35f118]  (no source info available)
V  [jvm.dll+0x336cfc]  (no source info available)
V  [jvm.dll+0x337afe]  (no source info available)
V  [jvm.dll+0x8aab65]  (no source info available)
V  [jvm.dll+0x3c89d8]  (no source info available)
V  [jvm.dll+0x8938ec]  (no source info available)
V  [jvm.dll+0x46246e]  (no source info available)
V  [jvm.dll+0x4642b1]  (no source info available)
C  [jli.dll+0x52ab]  (no source info available)
C  [ucrtbase.dll+0x2cd30]  (no source info available)
C  [KERNEL32.DLL+0x2ccb7]  (no source info available)
C  [ntdll.dll+0xaad6c]  (no source info available)

Lock stack of current Java thread (top to bottom):


---------------  P R O C E S S  ---------------

Threads class SMR info:
_java_thread_list=0x00007ffb603f4ad8, length=0, elements={
}

Java Threads: ( => current thread )
Total: 0

Other Threads:
  0x000001749e8d5410 WorkerThread "GC Thread#0"                     [id=16116, stack(0x0000002ca8600000,0x0000002ca8700000) (1024K)]
  0x000001749e8e9de0 ConcurrentGCThread "G1 Main Marker"            [id=17852, stack(0x0000002ca8700000,0x0000002ca8800000) (1024K)]
  0x000001749e8ea8f0 WorkerThread "G1 Conc#0"                       [id=10168, stack(0x0000002ca8800000,0x0000002ca8900000) (1024K)]

[error occurred during error reporting (printing all threads), id 0xc0000005, EXCEPTION_ACCESS_VIOLATION (0xc0000005) at pc=0x00007ffb5facb0da]
VM state: not at safepoint (not fully initialized)

VM Mutex/Monitor currently owned by a thread:  ([mutex/lock_event])
[0x00007ffb60477dd8] Heap_lock - owner thread: 0x000001749c468ca0

Heap address: 0x0000000705200000, size: 4014 MB, Compressed Oops mode: Zero based, Oop shift amount: 3

CDS archive(s) mapped at: [0x0000000000000000-0x0000000000000000-0x0000000000000000), size 0, SharedBaseAddress: 0x0000000800000000, ArchiveRelocationMode: 1.
Narrow klass base: 0x0000000000000000, Narrow klass shift: 0, Narrow klass range: 0x0

GC Precious Log:
 CardTable entry size: 512
 Card Set container configuration: InlinePtr #cards 4 size 8 Array Of Cards #cards 16 size 48 Howl #buckets 8 coarsen threshold 3686 Howl Bitmap #cards 512 size 80 coarsen threshold 460 Card regions per heap region 1 cards per card region 4096

Heap:
 garbage-first heap   total reserved 4110336K, committed 0K, used 0K [0x0000000705200000, 0x0000000800000000)
  region size 2048K, 0 young (0K), 0 survivors (0K)

[error occurred during error reporting (printing heap information), id 0xc0000005, EXCEPTION_ACCESS_VIOLATION (0xc0000005) at pc=0x00007ffb5fed01c9]
GC Heap History (0 events):
No events

Dll operation events (1 events):
Event: 0.007 Loaded shared library C:\Users\ESTUDIANTES\.jdks\corretto-23.0.2\bin\java.dll

Deoptimization events (0 events):
No events

Classes loaded (0 events):
No events

Classes unloaded (0 events):
No events

Classes redefined (0 events):
No events

Internal exceptions (0 events):
No events

VM Operations (0 events):
No events

Memory protections (0 events):
No events

Nmethod flushes (0 events):
No events

Events (0 events):
No events


Dynamic libraries:
0x00007ff68b6b0000 - 0x00007ff68b6be000 	C:\Users\ESTUDIANTES\.jdks\corretto-23.0.2\bin\java.exe
0x00007ffc07760000 - 0x00007ffc079c6000 	C:\WINDOWS\SYSTEM32\ntdll.dll
0x00007ffc07010000 - 0x00007ffc070d9000 	C:\WINDOWS\System32\KERNEL32.DLL
0x00007ffc04fc0000 - 0x00007ffc053bf000 	C:\WINDOWS\System32\KERNELBASE.dll
0x00007ffc008f0000 - 0x00007ffc00990000 	C:\WINDOWS\SYSTEM32\apphelp.dll
0x00007ffc04e30000 - 0x00007ffc04f7c000 	C:\WINDOWS\System32\ucrtbase.dll
0x00007ffbe4290000 - 0x00007ffbe42a7000 	C:\Users\ESTUDIANTES\.jdks\corretto-23.0.2\bin\jli.dll
0x00007ffbe41a0000 - 0x00007ffbe41bb000 	C:\Users\ESTUDIANTES\.jdks\corretto-23.0.2\bin\VCRUNTIME140.dll
0x00007ffc070e0000 - 0x00007ffc072a6000 	C:\WINDOWS\System32\USER32.dll
0x00007ffbda1f0000 - 0x00007ffbda481000 	C:\WINDOWS\WinSxS\amd64_microsoft.windows.common-controls_6595b64144ccf1df_6.0.26100.8972_none_3e0da176e32f9d4b\COMCTL32.dll
0x00007ffc04f90000 - 0x00007ffc04fb7000 	C:\WINDOWS\System32\win32u.dll
0x00007ffc06500000 - 0x00007ffc065a9000 	C:\WINDOWS\System32\msvcrt.dll
0x00007ffc05e00000 - 0x00007ffc05e2b000 	C:\WINDOWS\System32\GDI32.dll
0x00007ffc04d00000 - 0x00007ffc04e29000 	C:\WINDOWS\System32\gdi32full.dll
0x00007ffc04b00000 - 0x00007ffc04ba3000 	C:\WINDOWS\System32\msvcp_win.dll
0x00007ffc06cc0000 - 0x00007ffc06cf2000 	C:\WINDOWS\System32\IMM32.DLL
0x00007ffbe4330000 - 0x00007ffbe433c000 	C:\Users\ESTUDIANTES\.jdks\corretto-23.0.2\bin\vcruntime140_1.dll
0x00007ffba8160000 - 0x00007ffba81ed000 	C:\Users\ESTUDIANTES\.jdks\corretto-23.0.2\bin\msvcp140.dll
0x00007ffb5f780000 - 0x00007ffb60558000 	C:\Users\ESTUDIANTES\.jdks\corretto-23.0.2\bin\server\jvm.dll
0x00007ffc06af0000 - 0x00007ffc06bac000 	C:\WINDOWS\System32\ADVAPI32.dll
0x00007ffc073d0000 - 0x00007ffc07479000 	C:\WINDOWS\System32\sechost.dll
0x00007ffc05e30000 - 0x00007ffc05f48000 	C:\WINDOWS\System32\RPCRT4.dll
0x00007ffc074e0000 - 0x00007ffc07562000 	C:\WINDOWS\System32\WS2_32.dll
0x00007ffc047f0000 - 0x00007ffc0484e000 	C:\WINDOWS\SYSTEM32\POWRPROF.dll
0x00007ffbfacb0000 - 0x00007ffbfacbb000 	C:\WINDOWS\SYSTEM32\VERSION.dll
0x00007ffbfb430000 - 0x00007ffbfb466000 	C:\WINDOWS\SYSTEM32\WINMM.dll
0x00007ffc047b0000 - 0x00007ffc047c5000 	C:\WINDOWS\SYSTEM32\UMPDC.dll
0x00007ffc03620000 - 0x00007ffc0363b000 	C:\WINDOWS\SYSTEM32\kernel.appcore.dll
0x00007ffbe4320000 - 0x00007ffbe432a000 	C:\Users\ESTUDIANTES\.jdks\corretto-23.0.2\bin\jimage.dll
0x00007ffc019d0000 - 0x00007ffc01c12000 	C:\WINDOWS\SYSTEM32\DBGHELP.DLL
0x00007ffc06760000 - 0x00007ffc06ae5000 	C:\WINDOWS\System32\combase.dll
0x00007ffc06d00000 - 0x00007ffc06dd9000 	C:\WINDOWS\System32\OLEAUT32.dll
0x00007ffbdfc70000 - 0x00007ffbdfcab000 	C:\WINDOWS\SYSTEM32\dbgcore.DLL
0x00007ffc04c40000 - 0x00007ffc04cec000 	C:\WINDOWS\System32\bcryptPrimitives.dll
0x00007ffbe4300000 - 0x00007ffbe431e000 	C:\Users\ESTUDIANTES\.jdks\corretto-23.0.2\bin\java.dll
0x00007ffc06e70000 - 0x00007ffc07009000 	C:\WINDOWS\System32\ole32.dll
0x00007ffc05670000 - 0x00007ffc05df8000 	C:\WINDOWS\System32\SHELL32.dll

dbghelp: loaded successfully - version: 4.0.5 - missing functions: none
symbol engine: initialized successfully - sym options: 0x614 - pdb path: .;C:\Users\ESTUDIANTES\.jdks\corretto-23.0.2\bin;C:\WINDOWS\SYSTEM32;C:\WINDOWS\WinSxS\amd64_microsoft.windows.common-controls_6595b64144ccf1df_6.0.26100.8972_none_3e0da176e32f9d4b;C:\Users\ESTUDIANTES\.jdks\corretto-23.0.2\bin\server

VM Arguments:
jvm_args: -Dnet.bytebuddy.agent.attacher.dump= 
java_command: net.bytebuddy.agent.Attacher com.sun.tools.attach.VirtualMachine 4516 C:\Users\ESTUDIANTES\.m2\repository\net\bytebuddy\byte-buddy-agent\1.14.10\byte-buddy-agent-1.14.10.jar false 
java_class_path (initial): C:\Users\ESTUDIANTES\.m2\repository\net\bytebuddy\byte-buddy-agent\1.14.10\byte-buddy-agent-1.14.10.jar
Launcher Type: SUN_STANDARD

[Global flags]
     intx CICompilerCount                          = 12                                        {product} {ergonomic}
     uint ConcGCThreads                            = 4                                         {product} {ergonomic}
     uint G1ConcRefinementThreads                  = 15                                        {product} {ergonomic}
   size_t G1HeapRegionSize                         = 2097152                                   {product} {ergonomic}
   size_t InitialHeapSize                          = 264241152                                 {product} {ergonomic}
   size_t MarkStackSize                            = 4194304                                   {product} {ergonomic}
   size_t MarkStackSizeMax                         = 536870912                                 {product} {ergonomic}
   size_t MaxHeapSize                              = 4208984064                                {product} {ergonomic}
   size_t MinHeapDeltaBytes                        = 2097152                                   {product} {ergonomic}
   size_t MinHeapSize                              = 8388608                                   {product} {ergonomic}
    uintx NonNMethodCodeHeapSize                   = 7602176                                {pd product} {ergonomic}
    uintx NonProfiledCodeHeapSize                  = 122093568                              {pd product} {ergonomic}
     bool PerfDisableSharedMem                     = true                                      {product} {ergonomic}
    uintx ProfiledCodeHeapSize                     = 121962496                              {pd product} {ergonomic}
    uintx ReservedCodeCacheSize                    = 251658240                              {pd product} {ergonomic}
     bool SegmentedCodeCache                       = true                                      {product} {ergonomic}
   size_t SoftMaxHeapSize                          = 4208984064                             {manageable} {ergonomic}
     bool UseCompressedOops                        = true                           {product lp64_product} {ergonomic}
     bool UseG1GC                                  = true                                      {product} {ergonomic}
     bool UseLargePagesIndividualAllocation        = false                                  {pd product} {ergonomic}

Logging:
Log output configuration:
 #0: stdout all=warning uptime,level,tags foldmultilines=false
 #1: stderr all=off uptime,level,tags foldmultilines=false

Environment Variables:
JAVA_HOME=C:\Program Files\BellSoft\LibericaJDK-23\
PATH=C:\Program Files\Microsoft MPI\Bin\;C:\Program Files\BellSoft\LibericaJDK-23\bin\;C:\Program Files\Common Files\Oracle\Java\javapath;C:\Program Files (x86)\Common Files\Oracle\Java\java8path;C:\Program Files (x86)\Common Files\Oracle\Java\javapath;C:\Program Files\Eclipse Adoptium\jdk-17.0.20.8-hotspot\bin;C:\WINDOWS\system32;C:\WINDOWS;C:\WINDOWS\System32\Wbem;C:\WINDOWS\System32\WindowsPowerShell\v1.0\;C:\WINDOWS\System32\OpenSSH\;C:\Program Files\Git\cmd;C:\JupyterLab;C:\Program Files\nodejs\;C:\Program Files\Vagrant\bin;C:\Program Files (x86)\Microsoft SQL Server\170\Tools\Binn\;C:\Program Files\Microsoft SQL Server\170\Tools\Binn\;C:\Program Files\Microsoft SQL Server\Client SDK\ODBC\180\Tools\Binn\;C:\Program Files\Microsoft SQL Server\170\DTS\Binn\;C:\Program Files (x86)\Microsoft SQL Server\170\DTS\Binn\;C:\Program Files\dotnet\;C:\Program Files (x86)\Windows Kits\10\Windows Performance Toolkit\;C:\Program Files\Common Files\Autodesk Shared\;C:\Program Files\Microsoft SQL Server\150\Tools\Binn\;C:\Users\ESTUDIANTES\AppData\Local\Programs\Python\Python314\Scripts\;C:\Users\ESTUDIANTES\AppData\Local\Programs\Python\Python314\;C:\Users\ESTUDIANTES\AppData\Local\Programs\Python\Launcher\;C:\Users\ESTUDIANTES\AppData\Local\Microsoft\WindowsApps;C:\Users\ESTUDIANTES\AppData\Local\Microsoft\WinGet\Packages\EclipseFoundation.Eclipse.Java_Microsoft.Winget.Source_8wekyb3d8bbwe\eclipse;C:\Users\ESTUDIANTES\AppData\Local\Programs\Microsoft VS Code\bin;C:\Users\ESTUDIANTES\AppData\Roaming\npm;C:\Users\ESTUDIANTES\AppData\Local\GitHubDesktop\bin;C:\Users\ESTUDIANTES\AppData\Local\Microsoft\WinGet\Packages\SublimeHQ.SublimeText.4_Microsoft.Winget.Source_8wekyb3d8bbwe;C:\Users\ESTUDIANTES\AppData\Local\Microsoft\WinGet\Links;C:\Users\ESTUDIANTES\AppData\Local\Programs\cursor\resources\app\bin;C:\Users\ESTUDIANTES\.dotnet\tools
USERNAME=ESTUDIANTES
OS=Windows_NT
PROCESSOR_IDENTIFIER=Intel64 Family 6 Model 151 Stepping 2, GenuineIntel
TMP=C:\Users\ESTUDI~1\AppData\Local\Temp
TEMP=C:\Users\ESTUDI~1\AppData\Local\Temp




Periodic native trim disabled

---------------  S Y S T E M  ---------------

OS:
 Windows 11 , 64 bit Build 26100 (10.0.26100.8972)
OS uptime: 0 days 8:23 hours
Hyper-V role detected

CPU: total 20 (initial active 20) (10 cores per cpu, 2 threads per core) family 6 model 151 stepping 2 microcode 0x3e, cx8, cmov, fxsr, ht, mmx, 3dnowpref, sse, sse2, sse3, ssse3, sse4.1, sse4.2, popcnt, lzcnt, tsc, tscinvbit, avx, avx2, aes, erms, clmul, bmi1, bmi2, adx, sha, fma, vzeroupper, clflush, clflushopt, clwb, hv, serialize, rdtscp, rdpid, fsrm, gfni, f16c, cet_ibt, cet_ss
Processor Information for the first 20 processors :
  Max Mhz: 2100, Current Mhz: 2100, Mhz Limit: 2100

Memory: 4k page, system-wide physical 16053M (2050M free)
TotalPageFile size 16053M (AvailPageFile size 148M)
current process WorkingSet (physical memory assigned to process): 15M, peak: 15M
current process commit charge ("private bytes"): 75M, peak: 327M

vm_info: OpenJDK 64-Bit Server VM (23.0.2+7-FR) for windows-amd64 JRE (23.0.2+7-FR), built on 2025-01-07T22:59:58Z with MS VC++ 16.10 / 16.11 (VS2019)

END.
