#
# There is insufficient memory for the Java Runtime Environment to continue.
# Native memory allocation (mmap) failed to map 264241152 bytes. Error detail: G1 virtual space
# Possible reasons:
#   The system is out of physical RAM or swap space
#   This process is running with CompressedOops enabled, and the Java Heap may be blocking the growth of the native heap
# Possible solutions:
#   Reduce memory load on the system
#   Increase physical memory or swap space
#   Check if swap backing store is full
#   Decrease Java heap size (-Xmx/-Xms)
#   Decrease number of Java threads
#   Decrease Java thread stack sizes (-Xss)
#   Set larger code cache with -XX:ReservedCodeCacheSize=
#   JVM is running with Zero Based Compressed Oops mode in which the Java heap is
#     placed in the first 32GB address space. The Java Heap base address is the
#     maximum limit for the native heap growth. Please use -XX:HeapBaseMinAddress
#     to set the Java Heap base and to place the Java Heap above 32GB virtual address.
# This output file may be truncated or incomplete.
#
#  Out of Memory Error (os_windows.cpp:3554), pid=19904, tid=21004
#
# JRE version:  (25.0.2+10) (build )
# Java VM: Java HotSpot(TM) 64-Bit Server VM (25.0.2+10-LTS-69, mixed mode, sharing, tiered, compressed oops, compressed class ptrs, g1 gc, windows-amd64)
# No core dump will be written. Minidumps are not enabled by default on client versions of Windows
#

---------------  S U M M A R Y ------------

Command Line: -Dnet.bytebuddy.agent.attacher.dump= net.bytebuddy.agent.Attacher com.sun.tools.attach.VirtualMachine 16816 C:\Users\ESTUDIANTES\.m2\repository\net\bytebuddy\byte-buddy-agent\1.14.10\byte-buddy-agent-1.14.10.jar false 

Host: 12th Gen Intel(R) Core(TM) i7-12700, 20 cores, 15G,  Windows 11 , 64 bit Build 26100 (10.0.26100.8875)
Time: Fri Sep 18 15:18:08 2026 Hora est. Pacífico, Sudamérica elapsed time: 1.054544 seconds (0d 0h 0m 1s)

---------------  T H R E A D  ---------------

Current thread (0x00000271ac31f810):  JavaThread "Unknown thread" [_thread_in_vm, id=21004, stack(0x000000e20e300000,0x000000e20e400000) (1024K)]

Stack: [0x000000e20e300000,0x000000e20e400000]
Native frames: (J=compiled Java code, j=interpreted, Vv=VM code, C=native code)
V  [jvm.dll+0x7a70f9]  (no source info available)
V  [jvm.dll+0x772d6d]  (no source info available)
V  [jvm.dll+0x965d53]  (no source info available)
V  [jvm.dll+0x968351]  (no source info available)
V  [jvm.dll+0x968a63]  (no source info available)
V  [jvm.dll+0x2fc846]  (no source info available)
V  [jvm.dll+0x7a3325]  (no source info available)
V  [jvm.dll+0x796737]  (no source info available)
V  [jvm.dll+0x3f4988]  (no source info available)
V  [jvm.dll+0x3fc8d6]  (no source info available)
V  [jvm.dll+0x3e8f7e]  (no source info available)
V  [jvm.dll+0x3e9238]  (no source info available)
V  [jvm.dll+0x3c0145]  (no source info available)
V  [jvm.dll+0x3c0dce]  (no source info available)
V  [jvm.dll+0x92cdf7]  (no source info available)
V  [jvm.dll+0x458f02]  (no source info available)
V  [jvm.dll+0x9107a2]  (no source info available)
V  [jvm.dll+0x4f9331]  (no source info available)
V  [jvm.dll+0x4fabc1]  (no source info available)
C  [jli.dll+0x543e]  (no source info available)
C  [ucrtbase.dll+0x2cd30]  (no source info available)
C  [KERNEL32.DLL+0x2e957]  (no source info available)
C  [ntdll.dll+0xaad6c]  (no source info available)

Lock stack of current Java thread (top to bottom):


---------------  P R O C E S S  ---------------

Threads class SMR info:
_java_thread_list=0x00007ffd00aa5388, length=0, elements={
}

Java Threads: ( => current thread )
Total: 0

Other Threads:
  0x00000271ac388220 WorkerThread "GC Thread#0"                     [id=16288, stack(0x000000e20e400000,0x000000e20e500000) (1024K)]
  0x00000271ac3a1a20 ConcurrentGCThread "G1 Main Marker"            [id=13100, stack(0x000000e20e500000,0x000000e20e600000) (1024K)]
  0x00000271ac3a29d0 WorkerThread "G1 Conc#0"                       [id=20812, stack(0x000000e20e600000,0x000000e20e700000) (1024K)]

[error occurred during error reporting (printing all threads), id 0xc0000005, EXCEPTION_ACCESS_VIOLATION (0xc0000005) at pc=0x00007ffd00184f1a]
VM state: not at safepoint (not fully initialized)

VM Mutex/Monitor currently owned by a thread:  ([mutex/lock_event])
[0x00007ffd00b29768] Heap_lock - owner thread: 0x00000271ac31f810

Heap address: 0x0000000705200000, size: 4014 MB, Compressed Oops mode: Zero based, Oop shift amount: 3

CDS archive(s) mapped at: [0x0000000000000000-0x0000000000000000-0x0000000000000000), size 0, SharedBaseAddress: 0x0000000800000000, ArchiveRelocationMode: 1.
UseCompressedClassPointers 1, UseCompactObjectHeaders 0
Narrow klass pointer bits 32, Max shift 3
Narrow klass base: 0xffffffffffffffff, Narrow klass shift: -1
Encoding Range: [0xffffffffffffffff - 0x000000007fffffff), (2147483648 bytes)
Klass Range:    [0x0000000000000000 - 0x0000000000000000), (0 bytes)
Klass ID Range:  [4294967295 - 0) (1)
No protection zone.

GC Precious Log:
 CardTable entry size: 512
 Card Set container configuration: InlinePtr #cards 4 size 8 Array Of Cards #cards 16 size 48 Howl #buckets 8 coarsen threshold 3686 Howl Bitmap #cards 512 size 80 coarsen threshold 460 Card regions per heap region 1 cards per card region 4096

Heap:
 garbage-first heap   total reserved 4110336K, committed 0K, used 0K [0x0000000705200000, 0x0000000800000000)
  region size 2048K, 0 young (0K), 0 survivors (0K)

Heap Regions: E=young(eden), S=young(survivor), O=old, HS=humongous(starts), HC=humongous(continues), CS=collection set, F=free, TAMS=top-at-mark-start, PB=parsable bottom

Card table byte_map: [0x00000271c4e30000,0x00000271c5610000] _byte_map_base: 0x00000271c1607000

Marking Bits: (CMBitMap*) 0x00000271ac3889b0
 Bits: [0x00000271c5610000, 0x00000271c94c8000)

GC Heap Usage History (0 events):
No events

Metaspace Usage History (0 events):
No events

Dll operation events (1 events):
Event: 0.006 Loaded shared library C:\Program Files\Java\jdk-25.0.2\bin\java.dll

Deoptimization events (0 events):
No events

Classes loaded (0 events):
No events

Classes unloaded (0 events):
No events

Classes redefined (0 events):
No events

Internal exceptions (0 events):
No events

VM Operations (0 events):
No events

Memory protections (0 events):
No events

Nmethod flushes (0 events):
No events

Events (0 events):
No events


Dynamic libraries:
0x00007ff754ac0000 - 0x00007ff754ad0000 	C:\Program Files\Java\jdk-25.0.2\bin\java.exe
0x00007ffd8bc80000 - 0x00007ffd8bee6000 	C:\WINDOWS\SYSTEM32\ntdll.dll
0x00007ffd8ac50000 - 0x00007ffd8ad19000 	C:\WINDOWS\System32\KERNEL32.DLL
0x00007ffd89360000 - 0x00007ffd8975e000 	C:\WINDOWS\System32\KERNELBASE.dll
0x00007ffd88f30000 - 0x00007ffd8907c000 	C:\WINDOWS\System32\ucrtbase.dll
0x00007ffd74670000 - 0x00007ffd74687000 	C:\Program Files\Java\jdk-25.0.2\bin\jli.dll
0x00007ffd74690000 - 0x00007ffd746ae000 	C:\Program Files\Java\jdk-25.0.2\bin\VCRUNTIME140.dll
0x00007ffd8a400000 - 0x00007ffd8a5c7000 	C:\WINDOWS\System32\USER32.dll
0x00007ffd89090000 - 0x00007ffd890b7000 	C:\WINDOWS\System32\win32u.dll
0x00007ffd56640000 - 0x00007ffd568d2000 	C:\WINDOWS\WinSxS\amd64_microsoft.windows.common-controls_6595b64144ccf1df_6.0.26100.8894_none_3e0f749ee32e02ea\COMCTL32.dll
0x00007ffd8ad20000 - 0x00007ffd8ad4b000 	C:\WINDOWS\System32\GDI32.dll
0x00007ffd8b620000 - 0x00007ffd8b6c9000 	C:\WINDOWS\System32\msvcrt.dll
0x00007ffd89180000 - 0x00007ffd892aa000 	C:\WINDOWS\System32\gdi32full.dll
0x00007ffd892b0000 - 0x00007ffd89353000 	C:\WINDOWS\System32\msvcp_win.dll
0x00007ffd8aa40000 - 0x00007ffd8aa72000 	C:\WINDOWS\System32\IMM32.DLL
0x00007ffd7e520000 - 0x00007ffd7e52c000 	C:\Program Files\Java\jdk-25.0.2\bin\vcruntime140_1.dll
0x00007ffd1a3e0000 - 0x00007ffd1a46d000 	C:\Program Files\Java\jdk-25.0.2\bin\msvcp140.dll
0x00007ffcffdb0000 - 0x00007ffd00c0f000 	C:\Program Files\Java\jdk-25.0.2\bin\server\jvm.dll
0x00007ffd8b990000 - 0x00007ffd8ba47000 	C:\WINDOWS\System32\ADVAPI32.dll
0x00007ffd8ae60000 - 0x00007ffd8af0a000 	C:\WINDOWS\System32\sechost.dll
0x00007ffd8ab20000 - 0x00007ffd8ac38000 	C:\WINDOWS\System32\RPCRT4.dll
0x00007ffd8ba50000 - 0x00007ffd8bad0000 	C:\WINDOWS\System32\WS2_32.dll
0x00007ffd88d20000 - 0x00007ffd88d7e000 	C:\WINDOWS\SYSTEM32\POWRPROF.dll
0x00007ffd7f240000 - 0x00007ffd7f276000 	C:\WINDOWS\SYSTEM32\WINMM.dll
0x00007ffd78990000 - 0x00007ffd7899b000 	C:\WINDOWS\SYSTEM32\VERSION.dll
0x00007ffd88d00000 - 0x00007ffd88d14000 	C:\WINDOWS\SYSTEM32\UMPDC.dll
0x00007ffd87b40000 - 0x00007ffd87b5b000 	C:\WINDOWS\SYSTEM32\kernel.appcore.dll
0x00007ffd74660000 - 0x00007ffd7466a000 	C:\Program Files\Java\jdk-25.0.2\bin\jimage.dll
0x00007ffd860b0000 - 0x00007ffd862f2000 	C:\WINDOWS\SYSTEM32\DBGHELP.DLL
0x00007ffd8a6b0000 - 0x00007ffd8aa33000 	C:\WINDOWS\System32\combase.dll
0x00007ffd8b0b0000 - 0x00007ffd8b189000 	C:\WINDOWS\System32\OLEAUT32.dll
0x00007ffd6b880000 - 0x00007ffd6b8bb000 	C:\WINDOWS\SYSTEM32\dbgcore.DLL
0x00007ffd890c0000 - 0x00007ffd8916c000 	C:\WINDOWS\System32\bcryptPrimitives.dll
0x00007ffd6e020000 - 0x00007ffd6e03f000 	C:\Program Files\Java\jdk-25.0.2\bin\java.dll
0x00007ffd8b6d0000 - 0x00007ffd8b869000 	C:\WINDOWS\System32\ole32.dll
0x00007ffd89c60000 - 0x00007ffd8a3f2000 	C:\WINDOWS\System32\SHELL32.dll

JVMTI agents: none

dbghelp: loaded successfully - version: 4.0.5 - missing functions: none
symbol engine: initialized successfully - sym options: 0x614 - pdb path: .;C:\Program Files\Java\jdk-25.0.2\bin;C:\WINDOWS\SYSTEM32;C:\WINDOWS\WinSxS\amd64_microsoft.windows.common-controls_6595b64144ccf1df_6.0.26100.8894_none_3e0f749ee32e02ea;C:\Program Files\Java\jdk-25.0.2\bin\server

VM Arguments:
jvm_args: -Dnet.bytebuddy.agent.attacher.dump= 
java_command: net.bytebuddy.agent.Attacher com.sun.tools.attach.VirtualMachine 16816 C:\Users\ESTUDIANTES\.m2\repository\net\bytebuddy\byte-buddy-agent\1.14.10\byte-buddy-agent-1.14.10.jar false 
java_class_path (initial): C:\Users\ESTUDIANTES\.m2\repository\net\bytebuddy\byte-buddy-agent\1.14.10\byte-buddy-agent-1.14.10.jar
Launcher Type: SUN_STANDARD

[Global flags]
     intx CICompilerCount                          = 12                                        {product} {ergonomic}
     uint ConcGCThreads                            = 4                                         {product} {ergonomic}
     uint G1ConcRefinementThreads                  = 15                                        {product} {ergonomic}
   size_t G1HeapRegionSize                         = 2097152                                   {product} {ergonomic}
   size_t InitialHeapSize                          = 264241152                                 {product} {ergonomic}
   size_t MarkStackSize                            = 4194304                                   {product} {ergonomic}
   size_t MarkStackSizeMax                         = 536870912                                 {product} {ergonomic}
   size_t MaxHeapSize                              = 4208984064                                {product} {ergonomic}
   size_t MinHeapDeltaBytes                        = 2097152                                   {product} {ergonomic}
   size_t MinHeapSize                              = 8388608                                   {product} {ergonomic}
    uintx NonNMethodCodeHeapSize                   = 7602176                                {pd product} {ergonomic}
    uintx NonProfiledCodeHeapSize                  = 122093568                              {pd product} {ergonomic}
    uintx ProfiledCodeHeapSize                     = 121962496                              {pd product} {ergonomic}
    uintx ReservedCodeCacheSize                    = 251658240                              {pd product} {ergonomic}
     bool SegmentedCodeCache                       = true                                      {product} {ergonomic}
   size_t SoftMaxHeapSize                          = 4208984064                             {manageable} {ergonomic}
     bool UseCompressedOops                        = true                           {product lp64_product} {ergonomic}
     bool UseG1GC                                  = true                                      {product} {ergonomic}
     bool UseLargePagesIndividualAllocation        = false                                  {pd product} {ergonomic}

Logging:
Log output configuration:
 #0: stdout all=warning uptime,level,tags foldmultilines=false
 #1: stderr all=off uptime,level,tags foldmultilines=false

Release file:
<release file has not been read>
Environment Variables:
JAVA_HOME=C:\Program Files\BellSoft\LibericaJDK-23\
PATH=C:\Program Files\Microsoft MPI\Bin\;C:\Program Files\BellSoft\LibericaJDK-23\bin\;C:\Program Files\Eclipse Adoptium\jdk-17.0.19.10-hotspot\bin;C:\Program Files\Common Files\Oracle\Java\javapath;C:\Program Files (x86)\Common Files\Oracle\Java\java8path;C:\Program Files (x86)\Common Files\Oracle\Java\javapath;C:\WINDOWS\system32;C:\WINDOWS;C:\WINDOWS\System32\Wbem;C:\WINDOWS\System32\WindowsPowerShell\v1.0\;C:\WINDOWS\System32\OpenSSH\;C:\JupyterLab;C:\Program Files\nodejs\;C:\Program Files\Git\cmd;C:\Program Files\Vagrant\bin;C:\Program Files (x86)\Microsoft SQL Server\170\Tools\Binn\;C:\Program Files\Microsoft SQL Server\170\Tools\Binn\;C:\Program Files\Microsoft SQL Server\Client SDK\ODBC\180\Tools\Binn\;C:\Program Files\Microsoft SQL Server\170\DTS\Binn\;C:\Program Files (x86)\Microsoft SQL Server\170\DTS\Binn\;C:\Program Files\dotnet\;C:\Users\ESTUDIANTES\AppData\Local\Programs\Python\Python314\Scripts\;C:\Users\ESTUDIANTES\AppData\Local\Programs\Python\Python314\;C:\Users\ESTUDIANTES\AppData\Local\Programs\Python\Launcher\;C:\Users\ESTUDIANTES\AppData\Local\Microsoft\WindowsApps;C:\Users\ESTUDIANTES\AppData\Local\Microsoft\WinGet\Packages\EclipseFoundation.Eclipse.Java_Microsoft.Winget.Source_8wekyb3d8bbwe\eclipse;C:\Users\ESTUDIANTES\AppData\Local\Programs\Microsoft VS Code\bin;C:\Users\ESTUDIANTES\AppData\Roaming\npm;C:\Users\ESTUDIANTES\AppData\Local\GitHubDesktop\bin;C:\Users\ESTUDIANTES\AppData\Local\Programs\cursor\resources\app\bin;C:\Users\ESTUDIANTES\AppData\Local\Microsoft\WinGet\Links;C:\Users\ESTUDIANTES\.dotnet\tools
USERNAME=ESTUDIANTES
OS=Windows_NT
PROCESSOR_IDENTIFIER=Intel64 Family 6 Model 151 Stepping 2, GenuineIntel
TMP=C:\Users\ESTUDI~1\AppData\Local\Temp
TEMP=C:\Users\ESTUDI~1\AppData\Local\Temp




Compilation memory statistics disabled.

Periodic native trim disabled

---------------  S Y S T E M  ---------------

OS:
 Windows 11 , 64 bit Build 26100 (10.0.26100.8875)
OS uptime: 0 days 5:56 hours
Hyper-V role detected

CPU: total 20 (initial active 20) (10 cores per cpu, 2 threads per core) family 6 model 151 stepping 2 microcode 0x3e, cx8, cmov, fxsr, ht, mmx, 3dnowpref, sse, sse2, sse3, ssse3, sse4.1, sse4.2, popcnt, lzcnt, tsc, tscinvbit, avx, avx2, aes, erms, clmul, bmi1, bmi2, adx, sha, fma, vzeroupper, clflush, clflushopt, clwb, hv, serialize, rdtscp, rdpid, fsrm, gfni, f16c, cet_ibt, cet_ss
Processor Information for the first 20 processors :
  Max Mhz: 2100, Current Mhz: 2100, Mhz Limit: 2100

Memory: 4k page, system-wide physical 16053M (1996M free)
TotalPageFile size 16053M (AvailPageFile size 217M)
current process WorkingSet (physical memory assigned to process): 14M, peak: 14M
current process commit charge ("private bytes"): 75M, peak: 327M

vm_info: Java HotSpot(TM) 64-Bit Server VM (25.0.2+10-LTS-69) for windows-amd64 JRE (25.0.2+10-LTS-69), built on 2025-12-18T11:36:35Z with MS VC++ 17.13 (VS2022)

END.
