#
# There is insufficient memory for the Java Runtime Environment to continue.
# Native memory allocation (mmap) failed to map 264241152 bytes. Error detail: G1 virtual space
# Possible reasons:
#   The system is out of physical RAM or swap space
#   This process is running with CompressedOops enabled, and the Java Heap may be blocking the growth of the native heap
# Possible solutions:
#   Reduce memory load on the system
#   Increase physical memory or swap space
#   Check if swap backing store is full
#   Decrease Java heap size (-Xmx/-Xms)
#   Decrease number of Java threads
#   Decrease Java thread stack sizes (-Xss)
#   Set larger code cache with -XX:ReservedCodeCacheSize=
#   JVM is running with Zero Based Compressed Oops mode in which the Java heap is
#     placed in the first 32GB address space. The Java Heap base address is the
#     maximum limit for the native heap growth. Please use -XX:HeapBaseMinAddress
#     to set the Java Heap base and to place the Java Heap above 32GB virtual address.
# This output file may be truncated or incomplete.
#
#  Out of Memory Error (os_windows.cpp:3618), pid=3964, tid=13692
#
# JRE version:  (17.0.19+10) (build )
# Java VM: OpenJDK 64-Bit Server VM (17.0.19+10, mixed mode, sharing, tiered, compressed oops, compressed class ptrs, g1 gc, windows-amd64)
# No core dump will be written. Minidumps are not enabled by default on client versions of Windows
#

---------------  S U M M A R Y ------------

Command Line: -ea -XX:+ShowCodeDetailsInExceptionMessages -Dfile.encoding=UTF-8 org.eclipse.jdt.internal.junit.runner.RemoteTestRunner -version 3 -port 52073 -testLoaderClass org.eclipse.jdt.internal.junit5.runner.JUnit5TestLoader -loaderpluginname org.eclipse.jdt.junit5.runtime -test com.example.librarydb.service.CalculadoraBasicaTest:sumar2NumerosUnoPositivoOtroNegativo

Host: 12th Gen Intel(R) Core(TM) i7-12700, 20 cores, 15G,  Windows 11 , 64 bit Build 26100 (10.0.26100.8875)
Time: Fri Sep  4 15:12:40 2026 Hora est. Pacífico, Sudamérica elapsed time: 2.047949 seconds (0d 0h 0m 2s)

---------------  T H R E A D  ---------------

Current thread (0x00000143a3c8a040):  JavaThread "Unknown thread" [_thread_in_vm, id=13692, stack(0x000000161da00000,0x000000161db00000)]

Stack: [0x000000161da00000,0x000000161db00000]
Native frames: (J=compiled Java code, j=interpreted, Vv=VM code, C=native code)
V  [jvm.dll+0x684b29]
V  [jvm.dll+0x83a2d5]
V  [jvm.dll+0x83bd4e]
V  [jvm.dll+0x83c3d3]
V  [jvm.dll+0x24905f]
V  [jvm.dll+0x6818e9]
V  [jvm.dll+0x6766ea]
V  [jvm.dll+0x3093b7]
V  [jvm.dll+0x3109a6]
V  [jvm.dll+0x360f1e]
V  [jvm.dll+0x36115d]
V  [jvm.dll+0x2e043c]
V  [jvm.dll+0x2e1348]
V  [jvm.dll+0x80d19b]
V  [jvm.dll+0x36eba1]
V  [jvm.dll+0x7ebd75]
V  [jvm.dll+0x3f47ab]
V  [jvm.dll+0x3f6291]
C  [jli.dll+0x52dc]
C  [ucrtbase.dll+0x2cd30]
C  [KERNEL32.DLL+0x2e957]
C  [ntdll.dll+0xaad6c]


---------------  P R O C E S S  ---------------

Threads class SMR info:
_java_thread_list=0x00007ffe92318f58, length=0, elements={
}

Java Threads: ( => current thread )

Other Threads:
  0x00000143a3cf8fe0 GCTaskThread "GC Thread#0" [stack: 0x000000161db00000,0x000000161dc00000] [id=10936]
  0x00000143a3d0ad80 ConcurrentGCThread "G1 Main Marker" [stack: 0x000000161dc00000,0x000000161dd00000] [id=716]
  0x00000143a3d0b6b0 ConcurrentGCThread "G1 Conc#0" [stack: 0x000000161dd00000,0x000000161de00000] [id=1992]

[error occurred during error reporting (printing all threads), id 0xc0000005, EXCEPTION_ACCESS_VIOLATION (0xc0000005) at pc=0x00007ffe91ad0f67]

VM state: not at safepoint (not fully initialized)

VM Mutex/Monitor currently owned by a thread:  ([mutex/lock_event])
[0x00000143a3c85d30] Heap_lock - owner thread: 0x00000143a3c8a040

Heap address: 0x0000000705200000, size: 4014 MB, Compressed Oops mode: Zero based, Oop shift amount: 3

CDS archive(s) mapped at: [0x0000000000000000-0x0000000000000000-0x0000000000000000), size 0, SharedBaseAddress: 0x0000000800000000, ArchiveRelocationMode: 1.
Narrow klass base: 0x0000000000000000, Narrow klass shift: 0, Narrow klass range: 0x0

GC Precious Log:
<Empty>

Heap:
 garbage-first heap   total 0K, used 0K [0x0000000705200000, 0x0000000800000000)
  region size 2048K, 0 young (0K), 0 survivors (0K)

[error occurred during error reporting (printing heap information), id 0xc0000005, EXCEPTION_ACCESS_VIOLATION (0xc0000005) at pc=0x00007ffe91ebe139]

GC Heap History (0 events):
No events

Dll operation events (1 events):
Event: 0.015 Loaded shared library C:\Program Files\Eclipse Adoptium\jdk-17.0.19.10-hotspot\bin\java.dll

Deoptimization events (0 events):
No events

Classes loaded (0 events):
No events

Classes unloaded (0 events):
No events

Classes redefined (0 events):
No events

Internal exceptions (0 events):
No events

VM Operations (0 events):
No events

Memory protections (0 events):
No events

Nmethod flushes (0 events):
No events

Events (0 events):
No events


Dynamic libraries:
0x00007ff7e2280000 - 0x00007ff7e228e000 	C:\Program Files\Eclipse Adoptium\jdk-17.0.19.10-hotspot\bin\java.exe
0x00007fff39420000 - 0x00007fff39686000 	C:\WINDOWS\SYSTEM32\ntdll.dll
0x00007fff39310000 - 0x00007fff393d9000 	C:\WINDOWS\System32\KERNEL32.DLL
0x00007fff36b80000 - 0x00007fff36f7e000 	C:\WINDOWS\System32\KERNELBASE.dll
0x00007fff367b0000 - 0x00007fff368fc000 	C:\WINDOWS\System32\ucrtbase.dll
0x00007fff1c4e0000 - 0x00007fff1c4fe000 	C:\Program Files\Eclipse Adoptium\jdk-17.0.19.10-hotspot\bin\VCRUNTIME140.dll
0x00007fff130e0000 - 0x00007fff130f8000 	C:\Program Files\Eclipse Adoptium\jdk-17.0.19.10-hotspot\bin\jli.dll
0x00007fff37ce0000 - 0x00007fff37ea7000 	C:\WINDOWS\System32\USER32.dll
0x00007fff36a90000 - 0x00007fff36ab7000 	C:\WINDOWS\System32\win32u.dll
0x00007fff0cba0000 - 0x00007fff0ce32000 	C:\WINDOWS\WinSxS\amd64_microsoft.windows.common-controls_6595b64144ccf1df_6.0.26100.8894_none_3e0f749ee32e02ea\COMCTL32.dll
0x00007fff37210000 - 0x00007fff3723b000 	C:\WINDOWS\System32\GDI32.dll
0x00007fff37660000 - 0x00007fff37709000 	C:\WINDOWS\System32\msvcrt.dll
0x00007fff36f90000 - 0x00007fff370ba000 	C:\WINDOWS\System32\gdi32full.dll
0x00007fff36700000 - 0x00007fff367a3000 	C:\WINDOWS\System32\msvcp_win.dll
0x00007fff392d0000 - 0x00007fff39302000 	C:\WINDOWS\System32\IMM32.DLL
0x00007fff1c4d0000 - 0x00007fff1c4dc000 	C:\Program Files\Eclipse Adoptium\jdk-17.0.19.10-hotspot\bin\vcruntime140_1.dll
0x00007fff11dd0000 - 0x00007fff11e5d000 	C:\Program Files\Eclipse Adoptium\jdk-17.0.19.10-hotspot\bin\msvcp140.dll
0x00007ffe917e0000 - 0x00007ffe9244c000 	C:\Program Files\Eclipse Adoptium\jdk-17.0.19.10-hotspot\bin\server\jvm.dll
0x00007fff386b0000 - 0x00007fff38767000 	C:\WINDOWS\System32\ADVAPI32.dll
0x00007fff39040000 - 0x00007fff390ea000 	C:\WINDOWS\System32\sechost.dll
0x00007fff37710000 - 0x00007fff37828000 	C:\WINDOWS\System32\RPCRT4.dll
0x00007fff373b0000 - 0x00007fff37430000 	C:\WINDOWS\System32\WS2_32.dll
0x00007fff364c0000 - 0x00007fff3651e000 	C:\WINDOWS\SYSTEM32\POWRPROF.dll
0x00007fff262a0000 - 0x00007fff262ab000 	C:\WINDOWS\SYSTEM32\VERSION.dll
0x00007fff2c4d0000 - 0x00007fff2c506000 	C:\WINDOWS\SYSTEM32\WINMM.dll
0x00007fff364a0000 - 0x00007fff364b4000 	C:\WINDOWS\SYSTEM32\UMPDC.dll
0x00007fff352e0000 - 0x00007fff352fb000 	C:\WINDOWS\SYSTEM32\kernel.appcore.dll
0x00007fff1c2c0000 - 0x00007fff1c2ca000 	C:\Program Files\Eclipse Adoptium\jdk-17.0.19.10-hotspot\bin\jimage.dll
0x00007fff33840000 - 0x00007fff33a82000 	C:\WINDOWS\SYSTEM32\DBGHELP.DLL
0x00007fff37830000 - 0x00007fff37bb3000 	C:\WINDOWS\System32\combase.dll
0x00007fff38770000 - 0x00007fff38849000 	C:\WINDOWS\System32\OLEAUT32.dll
0x00007fff11890000 - 0x00007fff118cb000 	C:\WINDOWS\SYSTEM32\dbgcore.DLL
0x00007fff36640000 - 0x00007fff366ec000 	C:\WINDOWS\System32\bcryptPrimitives.dll
0x00007fff11da0000 - 0x00007fff11dc5000 	C:\Program Files\Eclipse Adoptium\jdk-17.0.19.10-hotspot\bin\java.dll

dbghelp: loaded successfully - version: 4.0.5 - missing functions: none
symbol engine: initialized successfully - sym options: 0x614 - pdb path: .;C:\Program Files\Eclipse Adoptium\jdk-17.0.19.10-hotspot\bin;C:\WINDOWS\SYSTEM32;C:\WINDOWS\WinSxS\amd64_microsoft.windows.common-controls_6595b64144ccf1df_6.0.26100.8894_none_3e0f749ee32e02ea;C:\Program Files\Eclipse Adoptium\jdk-17.0.19.10-hotspot\bin\server

VM Arguments:
jvm_args: -ea -XX:+ShowCodeDetailsInExceptionMessages -Dfile.encoding=UTF-8 
java_command: org.eclipse.jdt.internal.junit.runner.RemoteTestRunner -version 3 -port 52073 -testLoaderClass org.eclipse.jdt.internal.junit5.runner.JUnit5TestLoader -loaderpluginname org.eclipse.jdt.junit5.runtime -test com.example.librarydb.service.CalculadoraBasicaTest:sumar2NumerosUnoPositivoOtroNegativo
java_class_path (initial): c:\Users\ESTUDIANTES\Downloads\librarydb\target\test-classes;c:\Users\ESTUDIANTES\Downloads\librarydb\target\classes;c:\Users\ESTUDIANTES\.m2\repository\org\springframework\boot\spring-boot-starter-web\3.2.0\spring-boot-starter-web-3.2.0.jar;c:\Users\ESTUDIANTES\.m2\repository\org\springframework\boot\spring-boot-starter\3.2.0\spring-boot-starter-3.2.0.jar;c:\Users\ESTUDIANTES\.m2\repository\org\springframework\boot\spring-boot\3.2.0\spring-boot-3.2.0.jar;c:\Users\ESTUDIANTES\.m2\repository\org\springframework\boot\spring-boot-autoconfigure\3.2.0\spring-boot-autoconfigure-3.2.0.jar;c:\Users\ESTUDIANTES\.m2\repository\org\springframework\boot\spring-boot-starter-logging\3.2.0\spring-boot-starter-logging-3.2.0.jar;c:\Users\ESTUDIANTES\.m2\repository\ch\qos\logback\logback-classic\1.4.11\logback-classic-1.4.11.jar;c:\Users\ESTUDIANTES\.m2\repository\ch\qos\logback\logback-core\1.4.11\logback-core-1.4.11.jar;c:\Users\ESTUDIANTES\.m2\repository\org\apache\logging\log4j\log4j-to-slf4j\2.21.1\log4j-to-slf4j-2.21.1.jar;c:\Users\ESTUDIANTES\.m2\repository\org\apache\logging\log4j\log4j-api\2.21.1\log4j-api-2.21.1.jar;c:\Users\ESTUDIANTES\.m2\repository\org\slf4j\jul-to-slf4j\2.0.9\jul-to-slf4j-2.0.9.jar;c:\Users\ESTUDIANTES\.m2\repository\jakarta\annotation\jakarta.annotation-api\2.1.1\jakarta.annotation-api-2.1.1.jar;c:\Users\ESTUDIANTES\.m2\repository\org\yaml\snakeyaml\2.2\snakeyaml-2.2.jar;c:\Users\ESTUDIANTES\.m2\repository\org\springframework\boot\spring-boot-starter-json\3.2.0\spring-boot-starter-json-3.2.0.jar;c:\Users\ESTUDIANTES\.m2\repository\com\fasterxml\jackson\core\jackson-databind\2.15.3\jackson-databind-2.15.3.jar;c:\Users\ESTUDIANTES\.m2\repository\com\fasterxml\jackson\core\jackson-annotations\2.15.3\jackson-annotations-2.15.3.jar;c:\Users\ESTUDIANTES\.m2\repository\com\fasterxml\jackson\core\jackson-core\2.15.3\jackson-core-2.15.3.jar;c:\Users\ESTUDIANTES\.m2\repository\com\fasterxml\jackson\datatype\jackson-datatype-jdk8\2.15
Launcher Type: SUN_STANDARD

[Global flags]
     intx CICompilerCount                          = 12                                        {product} {ergonomic}
     uint ConcGCThreads                            = 4                                         {product} {ergonomic}
     uint G1ConcRefinementThreads                  = 15                                        {product} {ergonomic}
   size_t G1HeapRegionSize                         = 2097152                                   {product} {ergonomic}
    uintx GCDrainStackTargetSize                   = 64                                        {product} {ergonomic}
   size_t InitialHeapSize                          = 264241152                                 {product} {ergonomic}
   size_t MarkStackSize                            = 4194304                                   {product} {ergonomic}
   size_t MaxHeapSize                              = 4208984064                                {product} {ergonomic}
   size_t MinHeapDeltaBytes                        = 2097152                                   {product} {ergonomic}
   size_t MinHeapSize                              = 8388608                                   {product} {ergonomic}
    uintx NonNMethodCodeHeapSize                   = 7602480                                {pd product} {ergonomic}
    uintx NonProfiledCodeHeapSize                  = 122027880                              {pd product} {ergonomic}
    uintx ProfiledCodeHeapSize                     = 122027880                              {pd product} {ergonomic}
    uintx ReservedCodeCacheSize                    = 251658240                              {pd product} {ergonomic}
     bool SegmentedCodeCache                       = true                                      {product} {ergonomic}
     bool ShowCodeDetailsInExceptionMessages       = true                                   {manageable} {command line}
   size_t SoftMaxHeapSize                          = 4208984064                             {manageable} {ergonomic}
     bool UseCompressedClassPointers               = true                           {product lp64_product} {ergonomic}
     bool UseCompressedOops                        = true                           {product lp64_product} {ergonomic}
     bool UseG1GC                                  = true                                      {product} {ergonomic}
     bool UseLargePagesIndividualAllocation        = false                                  {pd product} {ergonomic}

Logging:
Log output configuration:
 #0: stdout all=warning uptime,level,tags
 #1: stderr all=off uptime,level,tags

Environment Variables:
JAVA_HOME=C:\Program Files\BellSoft\LibericaJDK-23\
PATH=C:\Program Files\Microsoft MPI\Bin\;C:\Program Files\BellSoft\LibericaJDK-23\bin\;C:\Program Files\Eclipse Adoptium\jdk-17.0.19.10-hotspot\bin;C:\Program Files\Common Files\Oracle\Java\javapath;C:\Program Files (x86)\Common Files\Oracle\Java\java8path;C:\Program Files (x86)\Common Files\Oracle\Java\javapath;C:\WINDOWS\system32;C:\WINDOWS;C:\WINDOWS\System32\Wbem;C:\WINDOWS\System32\WindowsPowerShell\v1.0\;C:\WINDOWS\System32\OpenSSH\;C:\JupyterLab;C:\Program Files\nodejs\;C:\Program Files\Git\cmd;C:\Program Files\Vagrant\bin;C:\Program Files (x86)\Microsoft SQL Server\170\Tools\Binn\;C:\Program Files\Microsoft SQL Server\170\Tools\Binn\;C:\Program Files\Microsoft SQL Server\Client SDK\ODBC\180\Tools\Binn\;C:\Program Files\Microsoft SQL Server\170\DTS\Binn\;C:\Program Files (x86)\Microsoft SQL Server\170\DTS\Binn\;C:\Program Files\dotnet\;C:\Users\ESTUDIANTES\AppData\Local\Programs\Python\Python314\Scripts\;C:\Users\ESTUDIANTES\AppData\Local\Programs\Python\Python314\;C:\Users\ESTUDIANTES\AppData\Local\Programs\Python\Launcher\;C:\Users\ESTUDIANTES\AppData\Local\Microsoft\WindowsApps;C:\Users\ESTUDIANTES\AppData\Local\Microsoft\WinGet\Packages\EclipseFoundation.Eclipse.Java_Microsoft.Winget.Source_8wekyb3d8bbwe\eclipse;C:\Users\ESTUDIANTES\AppData\Local\Programs\Microsoft VS Code\bin;C:\Users\ESTUDIANTES\AppData\Roaming\npm;C:\Users\ESTUDIANTES\AppData\Local\GitHubDesktop\bin;C:\Users\ESTUDIANTES\AppData\Local\Programs\cursor\resources\app\bin;C:\Users\ESTUDIANTES\AppData\Local\Microsoft\WinGet\Links;C:\Users\ESTUDIANTES\.dotnet\tools
USERNAME=ESTUDIANTES
OS=Windows_NT
PROCESSOR_IDENTIFIER=Intel64 Family 6 Model 151 Stepping 2, GenuineIntel
TMP=C:\Users\ESTUDI~1\AppData\Local\Temp
TEMP=C:\Users\ESTUDI~1\AppData\Local\Temp



Periodic native trim disabled


---------------  S Y S T E M  ---------------

OS:
 Windows 11 , 64 bit Build 26100 (10.0.26100.8875)
OS uptime: 0 days 6:15 hours
Hyper-V role detected

CPU: total 20 (initial active 20) (10 cores per cpu, 2 threads per core) family 6 model 151 stepping 2 microcode 0x3e, cx8, cmov, fxsr, ht, mmx, 3dnowpref, sse, sse2, sse3, ssse3, sse4.1, sse4.2, popcnt, lzcnt, tsc, tscinvbit, avx, avx2, aes, erms, clmul, bmi1, bmi2, adx, sha, fma, vzeroupper, clflush, clflushopt, clwb, hv
Processor Information for all 20 processors :
  Max Mhz: 2100, Current Mhz: 2100, Mhz Limit: 2100

Memory: 4k page, system-wide physical 16053M (2094M free)
TotalPageFile size 16053M (AvailPageFile size 109M)
current process WorkingSet (physical memory assigned to process): 13M, peak: 13M
current process commit charge ("private bytes"): 75M, peak: 327M

vm_info: OpenJDK 64-Bit Server VM (17.0.19+10) for windows-amd64 JRE (17.0.19+10), built on Apr 25 2026 08:04:44 by "admin" with MS VC++ 17.12 (VS2022)

END.
